Archive member included to satisfy reference by file (symbol)

D:/PHYTEC OJT/Software/STM32CubeIDE_1.16.0/STM32CubeIDE/plugins/com.st.stm32cube.ide.mcu.externaltools.gnu-tools-for-stm32.12.3.rel1.win32_1.0.200.202406191623/tools/bin/../lib/gcc/arm-none-eabi/12.3.1/../../../../arm-none-eabi/lib/thumb/v7e-m+fp/hard\libc_nano.a(libc_a-atoi.o)
                              ./Core/Src/we-10.o (atoi)
D:/PHYTEC OJT/Software/STM32CubeIDE_1.16.0/STM32CubeIDE/plugins/com.st.stm32cube.ide.mcu.externaltools.gnu-tools-for-stm32.12.3.rel1.win32_1.0.200.202406191623/tools/bin/../lib/gcc/arm-none-eabi/12.3.1/../../../../arm-none-eabi/lib/thumb/v7e-m+fp/hard\libc_nano.a(libc_a-exit.o)
                              D:/PHYTEC OJT/Software/STM32CubeIDE_1.16.0/STM32CubeIDE/plugins/com.st.stm32cube.ide.mcu.externaltools.gnu-tools-for-stm32.12.3.rel1.win32_1.0.200.202406191623/tools/bin/../lib/gcc/arm-none-eabi/12.3.1/../../../../arm-none-eabi/lib/thumb/v7e-m+fp/hard/crt0.o (exit)
D:/PHYTEC OJT/Software/STM32CubeIDE_1.16.0/STM32CubeIDE/plugins/com.st.stm32cube.ide.mcu.externaltools.gnu-tools-for-stm32.12.3.rel1.win32_1.0.200.202406191623/tools/bin/../lib/gcc/arm-none-eabi/12.3.1/../../../../arm-none-eabi/lib/thumb/v7e-m+fp/hard\libc_nano.a(libc_a-strtol.o)
                              D:/PHYTEC OJT/Software/STM32CubeIDE_1.16.0/STM32CubeIDE/plugins/com.st.stm32cube.ide.mcu.externaltools.gnu-tools-for-stm32.12.3.rel1.win32_1.0.200.202406191623/tools/bin/../lib/gcc/arm-none-eabi/12.3.1/../../../../arm-none-eabi/lib/thumb/v7e-m+fp/hard\libc_nano.a(libc_a-atoi.o) (_strtol_r)
D:/PHYTEC OJT/Software/STM32CubeIDE_1.16.0/STM32CubeIDE/plugins/com.st.stm32cube.ide.mcu.externaltools.gnu-tools-for-stm32.12.3.rel1.win32_1.0.200.202406191623/tools/bin/../lib/gcc/arm-none-eabi/12.3.1/../../../../arm-none-eabi/lib/thumb/v7e-m+fp/hard\libc_nano.a(libc_a-ctype_.o)
                              D:/PHYTEC OJT/Software/STM32CubeIDE_1.16.0/STM32CubeIDE/plugins/com.st.stm32cube.ide.mcu.externaltools.gnu-tools-for-stm32.12.3.rel1.win32_1.0.200.202406191623/tools/bin/../lib/gcc/arm-none-eabi/12.3.1/../../../../arm-none-eabi/lib/thumb/v7e-m+fp/hard\libc_nano.a(libc_a-strtol.o) (_ctype_)
D:/PHYTEC OJT/Software/STM32CubeIDE_1.16.0/STM32CubeIDE/plugins/com.st.stm32cube.ide.mcu.externaltools.gnu-tools-for-stm32.12.3.rel1.win32_1.0.200.202406191623/tools/bin/../lib/gcc/arm-none-eabi/12.3.1/../../../../arm-none-eabi/lib/thumb/v7e-m+fp/hard\libc_nano.a(libc_a-findfp.o)
                              D:/PHYTEC OJT/Software/STM32CubeIDE_1.16.0/STM32CubeIDE/plugins/com.st.stm32cube.ide.mcu.externaltools.gnu-tools-for-stm32.12.3.rel1.win32_1.0.200.202406191623/tools/bin/../lib/gcc/arm-none-eabi/12.3.1/../../../../arm-none-eabi/lib/thumb/v7e-m+fp/hard\libc_nano.a(libc_a-exit.o) (__stdio_exit_handler)
D:/PHYTEC OJT/Software/STM32CubeIDE_1.16.0/STM32CubeIDE/plugins/com.st.stm32cube.ide.mcu.externaltools.gnu-tools-for-stm32.12.3.rel1.win32_1.0.200.202406191623/tools/bin/../lib/gcc/arm-none-eabi/12.3.1/../../../../arm-none-eabi/lib/thumb/v7e-m+fp/hard\libc_nano.a(libc_a-fwalk.o)
                              D:/PHYTEC OJT/Software/STM32CubeIDE_1.16.0/STM32CubeIDE/plugins/com.st.stm32cube.ide.mcu.externaltools.gnu-tools-for-stm32.12.3.rel1.win32_1.0.200.202406191623/tools/bin/../lib/gcc/arm-none-eabi/12.3.1/../../../../arm-none-eabi/lib/thumb/v7e-m+fp/hard\libc_nano.a(libc_a-findfp.o) (_fwalk_sglue)
D:/PHYTEC OJT/Software/STM32CubeIDE_1.16.0/STM32CubeIDE/plugins/com.st.stm32cube.ide.mcu.externaltools.gnu-tools-for-stm32.12.3.rel1.win32_1.0.200.202406191623/tools/bin/../lib/gcc/arm-none-eabi/12.3.1/../../../../arm-none-eabi/lib/thumb/v7e-m+fp/hard\libc_nano.a(libc_a-printf.o)
                              ./Core/Src/main.o (printf)
D:/PHYTEC OJT/Software/STM32CubeIDE_1.16.0/STM32CubeIDE/plugins/com.st.stm32cube.ide.mcu.externaltools.gnu-tools-for-stm32.12.3.rel1.win32_1.0.200.202406191623/tools/bin/../lib/gcc/arm-none-eabi/12.3.1/../../../../arm-none-eabi/lib/thumb/v7e-m+fp/hard\libc_nano.a(libc_a-puts.o)
                              ./Core/Src/main.o (puts)
D:/PHYTEC OJT/Software/STM32CubeIDE_1.16.0/STM32CubeIDE/plugins/com.st.stm32cube.ide.mcu.externaltools.gnu-tools-for-stm32.12.3.rel1.win32_1.0.200.202406191623/tools/bin/../lib/gcc/arm-none-eabi/12.3.1/../../../../arm-none-eabi/lib/thumb/v7e-m+fp/hard\libc_nano.a(libc_a-snprintf.o)
                              ./Core/Src/main.o (snprintf)
D:/PHYTEC OJT/Software/STM32CubeIDE_1.16.0/STM32CubeIDE/plugins/com.st.stm32cube.ide.mcu.externaltools.gnu-tools-for-stm32.12.3.rel1.win32_1.0.200.202406191623/tools/bin/../lib/gcc/arm-none-eabi/12.3.1/../../../../arm-none-eabi/lib/thumb/v7e-m+fp/hard\libc_nano.a(libc_a-sprintf.o)
                              ./Core/Src/display.o (sprintf)
[...]
Memory Configuration

Name             Origin             Length             Attributes
RAM              0x20000000         0x00020000         xrw
FLASH            0x08000000         0x00080000         xr
*default*        0x00000000         0xffffffff

Linker script and memory map

LOAD D:/PHYTEC OJT/Software/STM32CubeIDE_1.16.0/STM32CubeIDE/plugins/com.st.stm32cube.ide.mcu.externaltools.gnu-tools-for-stm32.12.3.rel1.win32_1.0.200.202406191623/tools/bin/../lib/gcc/arm-none-eabi/12.3.1/thumb/v7e-m+fp/hard/crti.o
LOAD D:/PHYTEC OJT/Software/STM32CubeIDE_1.16.0/STM32CubeIDE/plugins/com.st.stm32cube.ide.mcu.externaltools.gnu-tools-for-stm32.12.3.rel1.win32_1.0.200.202406191623/tools/bin/../lib/gcc/arm-none-eabi/12.3.1/thumb/v7e-m+fp/hard/crtbegin.o
LOAD D:/PHYTEC OJT/Software/STM32CubeIDE_1.16.0/STM32CubeIDE/plugins/com.st.stm32cube.ide.mcu.externaltools.gnu-tools-for-stm32.12.3.rel1.win32_1.0.200.202406191623/tools/bin/../lib/gcc/arm-none-eabi/12.3.1/../../../../arm-none-eabi/lib/thumb/v7e-m+fp/hard/crt0.o
LOAD ./Core/Src/display.o
LOAD ./Core/Src/ds3231.o
LOAD ./Core/Src/main.o
LOAD ./Core/Src/rc522.o
LOAD ./Core/Src/servo.o
LOAD ./Core/Src/ssd1306.o
LOAD ./Core/Src/ssd1306_fonts.o
LOAD ./Core/Src/stm32f4xx_hal_msp.o
LOAD ./Core/Src/stm32f4xx_it.o
LOAD ./Core/Src/syscalls.o
LOAD ./Core/Src/sysmem.o
LOAD ./Core/Src/system_stm32f4xx.o
LOAD ./Core/Src/we-10.o
LOAD ./Core/Startup/startup_stm32f446retx.o
LOAD ./Drivers/STM32F4xx_HAL_Driver/Src/stm32f4xx_hal.o
LOAD ./Drivers/STM32F4xx_HAL_Driver/Src/stm32f4xx_hal_cortex.o
LOAD ./Drivers/STM32F4xx_HAL_Driver/Src/stm32f4xx_hal_dma.o
LOAD ./Drivers/STM32F4xx_HAL_Driver/Src/stm32f4xx_hal_dma_ex.o
LOAD ./Drivers/STM32F4xx_HAL_Driver/Src/stm32f4xx_hal_exti.o
LOAD ./Drivers/STM32F4xx_HAL_Driver/Src/stm32f4xx_hal_flash.o
LOAD ./Drivers/STM32F4xx_HAL_Driver/Src/stm32f4xx_hal_flash_ex.o
LOAD ./Drivers/STM32F4xx_HAL_Driver/Src/stm32f4xx_hal_flash_ramfunc.o
LOAD ./Drivers/STM32F4xx_HAL_Driver/Src/stm32f4xx_hal_gpio.o
LOAD ./Drivers/STM32F4xx_HAL_Driver/Src/stm32f4xx_hal_i2c.o
LOAD ./Drivers/STM32F4xx_HAL_Driver/Src/stm32f4xx_hal_i2c_ex.o
LOAD ./Drivers/STM32F4xx_HAL_Driver/Src/stm32f4xx_hal_pwr.o
LOAD ./Drivers/STM32F4xx_HAL_Driver/Src/stm32f4xx_hal_pwr_ex.o
LOAD ./Drivers/STM32F4xx_HAL_Driver/Src/stm32f4xx_hal_rcc.o
LOAD ./Drivers/STM32F4xx_HAL_Driver/Src/stm32f4xx_hal_rcc_ex.o
LOAD ./Drivers/STM32F4xx_HAL_Driver/Src/stm32f4xx_hal_spi.o
LOAD ./Drivers/STM32F4xx_HAL_Driver/Src/stm32f4xx_hal_tim.o
LOAD ./Drivers/STM32F4xx_HAL_Driver/Src/stm32f4xx_hal_tim_ex.o
LOAD ./Drivers/STM32F4xx_HAL_Driver/Src/stm32f4xx_hal_uart.o
START GROUP
LOAD D:/PHYTEC OJT/Software/STM32CubeIDE_1.16.0/STM32CubeIDE/plugins/com.st.stm32cube.ide.mcu.externaltools.gnu-tools-for-stm32.12.3.rel1.win32_1.0.200.202406191623/tools/bin/../lib/gcc/arm-none-eabi/12.3.1/../../../../arm-none-eabi/lib/thumb/v7e-m+fp/hard\libc_nano.a
LOAD D:/PHYTEC OJT/Software/STM32CubeIDE_1.16.0/STM32CubeIDE/plugins/com.st.stm32cube.ide.mcu.externaltools.gnu-tools-for-stm32.12.3.rel1.win32_1.0.200.202406191623/tools/bin/../lib/gcc/arm-none-eabi/12.3.1/../../../../arm-none-eabi/lib/thumb/v7e-m+fp/hard\libm.a
END GROUP
START GROUP
LOAD D:/PHYTEC OJT/Software/STM32CubeIDE_1.16.0/STM32CubeIDE/plugins/com.st.stm32cube.ide.mcu.externaltools.gnu-tools-for-stm32.12.3.rel1.win32_1.0.200.202406191623/tools/bin/../lib/gcc/arm-none-eabi/12.3.1/thumb/v7e-m+fp/hard\libgcc.a
LOAD D:/PHYTEC OJT/Software/STM32CubeIDE_1.16.0/STM32CubeIDE/plugins/com.st.stm32cube.ide.mcu.externaltools.gnu-tools-for-stm32.12.3.rel1.win32_1.0.200.202406191623/tools/bin/../lib/gcc/arm-none-eabi/12.3.1/../../../../arm-none-eabi/lib/thumb/v7e-m+fp/hard\libc_nano.a
END GROUP
START GROUP
LOAD D:/PHYTEC OJT/Software/STM32CubeIDE_1.16.0/STM32CubeIDE/plugins/com.st.stm32cube.ide.mcu.externaltools.gnu-tools-for-stm32.12.3.rel1.win32_1.0.200.202406191623/tools/bin/../lib/gcc/arm-none-eabi/12.3.1/thumb/v7e-m+fp/hard\libgcc.a
LOAD D:/PHYTEC OJT/Software/STM32CubeIDE_1.16.0/STM32CubeIDE/plugins/com.st.stm32cube.ide.mcu.externaltools.gnu-tools-for-stm32.12.3.rel1.win32_1.0.200.202406191623/tools/bin/../lib/gcc/arm-none-eabi/12.3.1/../../../../arm-none-eabi/lib/thumb/v7e-m+fp/hard\libc_nano.a
LOAD D:/PHYTEC OJT/Software/STM32CubeIDE_1.16.0/STM32CubeIDE/plugins/com.st.stm32cube.ide.mcu.externaltools.gnu-tools-for-stm32.12.3.rel1.win32_1.0.200.202406191623/tools/bin/../lib/gcc/arm-none-eabi/12.3.1/../../../../arm-none-eabi/lib/thumb/v7e-m+fp/hard\libnosys.a
END GROUP
START GROUP
LOAD D:/PHYTEC OJT/Software/STM32CubeIDE_1.16.0/STM32CubeIDE/plugins/com.st.stm32cube.ide.mcu.externaltools.gnu-tools-for-stm32.12.3.rel1.win32_1.0.200.202406191623/tools/bin/../lib/gcc/arm-none-eabi/12.3.1/thumb/v7e-m+fp/hard\libgcc.a
LOAD D:/PHYTEC OJT/Software/STM32CubeIDE_1.16.0/STM32CubeIDE/plugins/com.st.stm32cube.ide.mcu.externaltools.gnu-tools-for-stm32.12.3.rel1.win32_1.0.200.202406191623/tools/bin/../lib/gcc/arm-none-eabi/12.3.1/../../../../arm-none-eabi/lib/thumb/v7e-m+fp/hard\libc_nano.a
LOAD D:/PHYTEC OJT/Software/STM32CubeIDE_1.16.0/STM32CubeIDE/plugins/com.st.stm32cube.ide.mcu.externaltools.gnu-tools-for-stm32.12.3.rel1.win32_1.0.200.202406191623/tools/bin/../lib/gcc/arm-none-eabi/12.3.1/../../../../arm-none-eabi/lib/thumb/v7e-m+fp/hard\libnosys.a
END GROUP
LOAD D:/PHYTEC OJT/Software/STM32CubeIDE_1.16.0/STM32CubeIDE/plugins/com.st.stm32cube.ide.mcu.externaltools.gnu-tools-for-stm32.12.3.rel1.win32_1.0.200.202406191623/tools/bin/../lib/gcc/arm-none-eabi/12.3.1/thumb/v7e-m+fp/hard/crtend.o
LOAD D:/PHYTEC OJT/Software/STM32CubeIDE_1.16.0/STM32CubeIDE/plugins/com.st.stm32cube.ide.mcu.externaltools.gnu-tools-for-stm32.12.3.rel1.win32_1.0.200.202406191623/tools/bin/../lib/gcc/arm-none-eabi/12.3.1/thumb/v7e-m+fp/hard/crtn.o
                0x20020000                        _estack = (ORIGIN (RAM) + LENGTH (RAM))
                0x00000200                        _Min_Heap_Size = 0x200
                0x00000400                        _Min_Stack_Size = 0x400

.isr_vector     0x08000000      0x1c4
                0x08000000                        . = ALIGN (0x4)
 *(.isr_vector)
 .isr_vector    0x08000000      0x1c4 ./Core/Startup/startup_stm32f446retx.o
                0x08000000                g_pfnVectors
                0x080001c4                        . = ALIGN (0x4)

.text           0x080001d0     0x8d18
                0x080001d0                        . = ALIGN (0x4)
 *(.text)
 .text          0x080001d0       0x40 D:/PHYTEC OJT/Software/STM32CubeIDE_1.16.0/STM32CubeIDE/plugins/com.st.stm32cube.ide.mcu.externaltools.gnu-tools-for-stm32.12.3.rel1.win32_1.0.200.202406191623/tools/bin/../lib/gcc/arm-none-eabi/12.3.1/thumb/v7e-m+fp/hard/crtbegin.o
 .text          0x08000210       0x14 D:/PHYTEC OJT/Software/STM32CubeIDE_1.16.0/STM32CubeIDE/plugins/com.st.stm32cube.ide.mcu.externaltools.gnu-tools-for-stm32.12.3.rel1.win32_1.0.200.202406191623/tools/bin/../lib/gcc/arm-none-eabi/12.3.1/../../../../arm-none-eabi/lib/thumb/v7e-m+fp/hard\libc_nano.a(libc_a-strcmp.o)
                0x08000210                strcmp
 .text          0x08000224       0x10 D:/PHYTEC OJT/Software/STM32CubeIDE_1.16.0/STM32CubeIDE/plugins/com.st.stm32cube.ide.mcu.externaltools.gnu-tools-for-stm32.12.3.rel1.win32_1.0.200.202406191623/tools/bin/../lib/gcc/arm-none-eabi/12.3.1/../../../../arm-none-eabi/lib/thumb/v7e-m+fp/hard\libc_nano.a(libc_a-strlen.o)
                0x08000224                strlen
 *fill*         0x08000234        0xc 
 .text          0x08000240       0xa0 D:/PHYTEC OJT/Software/STM32CubeIDE_1.16.0/STM32CubeIDE/plugins/com.st.stm32cube.ide.mcu.externaltools.gnu-tools-for-stm32.12.3.rel1.win32_1.0.200.202406191623/tools/bin/../lib/gcc/arm-none-eabi/12.3.1/../../../../arm-none-eabi/lib/thumb/v7e-m+fp/hard\libc_nano.a(libc_a-memchr.o)
                0x08000240                memchr
 .text          0x080002e0       0x30 D:/PHYTEC OJT/Software/STM32CubeIDE_1.16.0/STM32CubeIDE/plugins/com.st.stm32cube.ide.mcu.externaltools.gnu-tools-for-stm32.12.3.rel1.win32_1.0.200.202406191623/tools/bin/../lib/gcc/arm-none-eabi/12.3.1/thumb/v7e-m+fp/hard\libgcc.a(_aeabi_uldivmod.o)
                0x080002e0                __aeabi_uldivmod
 .text          0x08000310      0x2bc D:/PHYTEC OJT/Software/STM32CubeIDE_1.16.0/STM32CubeIDE/plugins/com.st.stm32cube.ide.mcu.externaltools.gnu-tools-for-stm32.12.3.rel1.win32_1.0.200.202406191623/tools/bin/../lib/gcc/arm-none-eabi/12.3.1/thumb/v7e-m+fp/hard\libgcc.a(_udivmoddi4.o)
                0x08000310                __udivmoddi4
 .text          0x080005cc        0x4 D:/PHYTEC OJT/Software/STM32CubeIDE_1.16.0/STM32CubeIDE/plugins/com.st.stm32cube.ide.mcu.externaltools.gnu-tools-for-stm32.12.3.rel1.win32_1.0.200.202406191623/tools/bin/../lib/gcc/arm-none-eabi/12.3.1/thumb/v7e-m+fp/hard\libgcc.a(_dvmd_tls.o)
                0x080005cc                __aeabi_idiv0
                0x080005cc                __aeabi_ldiv0
 *(.text*)
 .text.HomeScreen
                0x080005d0       0x98 ./Core/Src/display.o
                0x080005d0                HomeScreen
 .text.WelcomeScreen
                0x08000668       0x5c ./Core/Src/display.o
                0x08000668                WelcomeScreen
 .text.StartupScreen
                0x080006c4       0x54 ./Core/Src/display.o
                0x080006c4                StartupScreen
 .text.AccessDeniedScreen
                0x08000718       0x3c ./Core/Src/display.o
                0x08000718                AccessDeniedScreen
 .text.ParkingFullScreen
                0x08000754       0x58 ./Core/Src/display.o
                0x08000754                ParkingFullScreen
 .text.GateOpenScreen
                0x080007ac       0x34 ./Core/Src/display.o
                0x080007ac                GateOpenScreen
 .text.GateCountdownScreen
                0x080007e0       0x68 ./Core/Src/display.o
                0x080007e0                GateCountdownScreen
 .text.ThankYouScreen
                0x08000848       0x5c ./Core/Src/display.o
                0x08000848                ThankYouScreen
 .text.FeeScreen
                0x080008a4       0x70 ./Core/Src/display.o
                0x080008a4                FeeScreen
 .text.BCDToDec
                0x08000914       0x32 ./Core/Src/ds3231.o
 *fill*         0x08000946        0x2 
 .text.DS3231_Init
                0x08000948       0x1c ./Core/Src/ds3231.o
                0x08000948                DS3231_Init
 .text.DS3231_GetTime
                0x08000964       0xcc ./Core/Src/ds3231.o
                0x08000964                DS3231_GetTime
 .text.DS3231_GetDate
                0x08000a30       0x98 ./Core/Src/ds3231.o
                0x08000a30                DS3231_GetDate
 .text._write   0x08000ac8       0x2c ./Core/Src/main.o
                0x08000ac8                _write
 .text.CalculateParkingMinutesBetween
                0x08000af4       0x9c ./Core/Src/main.o
                0x08000af4                CalculateParkingMinutesBetween
 .text.CalculateParkingFee
                0x08000b90       0x20 ./Core/Src/main.o
                0x08000b90                CalculateParkingFee
 .text.LowBalanceWarning
                0x08000bb0       0xac ./Core/Src/main.o
                0x08000bb0                LowBalanceWarning
 .text.UpdateParkingSlots
                0x08000c5c       0x94 ./Core/Src/main.o
                0x08000c5c                UpdateParkingSlots
 .text.main     0x08000cf0      0x478 ./Core/Src/main.o
                0x08000cf0                main
 .text.SystemClock_Config
                0x08001168       0xc0 ./Core/Src/main.o
                0x08001168                SystemClock_Config
 .text.MX_I2C1_Init
                0x08001228       0x5c ./Core/Src/main.o
 .text.MX_SPI2_Init
                0x08001284       0x6c ./Core/Src/main.o
 .text.MX_TIM2_Init
                0x080012f0       0xb0 ./Core/Src/main.o
 .text.MX_USART1_UART_Init
                0x080013a0       0x54 ./Core/Src/main.o
 .text.MX_USART2_UART_Init
                0x080013f4       0x54 ./Core/Src/main.o
 .text.MX_GPIO_Init
                0x08001448      0x120 ./Core/Src/main.o
 .text.Error_Handler
                0x08001568        0xc ./Core/Src/main.o
                0x08001568                Error_Handler
 .text.RC522_Select
                0x08001574       0x18 ./Core/Src/rc522.o
                0x08001574                RC522_Select
 .text.RC522_Unselect
                0x0800158c       0x18 ./Core/Src/rc522.o
                0x0800158c                RC522_Unselect
 .text.RC522_Reset
                0x080015a4       0x2c ./Core/Src/rc522.o
                0x080015a4                RC522_Reset
 .text.RC522_WriteRegister
                0x080015d0       0x48 ./Core/Src/rc522.o
                0x080015d0                RC522_WriteRegister
 .text.RC522_ReadRegister
                0x08001618       0x50 ./Core/Src/rc522.o
                0x08001618                RC522_ReadRegister
 .text.RC522_SetBitMask
                0x08001668       0x36 ./Core/Src/rc522.o
                0x08001668                RC522_SetBitMask
 .text.RC522_ClearBitMask
                0x0800169e       0x40 ./Core/Src/rc522.o
                0x0800169e                RC522_ClearBitMask
 .text.RC522_AntennaOn
                0x080016de       0x2a ./Core/Src/rc522.o
                0x080016de                RC522_AntennaOn
 .text.RC522_Init
                0x08001708       0x4e ./Core/Src/rc522.o
                0x08001708                RC522_Init
 .text.RC522_ToCard
                0x08001756      0x196 ./Core/Src/rc522.o
                0x08001756                RC522_ToCard
 .text.RC522_Request
                0x080018ec       0x4a ./Core/Src/rc522.o
                0x080018ec                RC522_Request
 .text.RC522_AntiColl
                0x08001936       0x78 ./Core/Src/rc522.o
                0x08001936                RC522_AntiColl
 .text.RC522_CalculateCRC
                0x080019ae       0x92 ./Core/Src/rc522.o
                0x080019ae                RC522_CalculateCRC
 .text.RC522_SelectTag
                0x08001a40       0x84 ./Core/Src/rc522.o
                0x08001a40                RC522_SelectTag
 .text.RC522_Halt
                0x08001ac4       0x36 ./Core/Src/rc522.o
                0x08001ac4                RC522_Halt
 .text.RC522_StopCrypto
                0x08001afa       0x10 ./Core/Src/rc522.o
                0x08001afa                RC522_StopCrypto
 *fill*         0x08001b0a        0x2 
 .text.Servo_Init
                0x08001b0c       0x1c ./Core/Src/servo.o
                0x08001b0c                Servo_Init
 .text.Servo_OpenSlow
                0x08001b28       0x60 ./Core/Src/servo.o
                0x08001b28                Servo_OpenSlow
 .text.Servo_CloseSlow
                0x08001b88       0x60 ./Core/Src/servo.o
                0x08001b88                Servo_CloseSlow
 .text.OpenGate
                0x08001be8       0x4e ./Core/Src/servo.o
                0x08001be8                OpenGate
 .text.ssd1306_Reset
                0x08001c36        0xe ./Core/Src/ssd1306.o
                0x08001c36                ssd1306_Reset
 .text.ssd1306_WriteCommand
                0x08001c44       0x30 ./Core/Src/ssd1306.o
                0x08001c44                ssd1306_WriteCommand
 .text.ssd1306_WriteData
                0x08001c74       0x30 ./Core/Src/ssd1306.o
                0x08001c74                ssd1306_WriteData
 .text.ssd1306_Init
                0x08001ca4       0xd4 ./Core/Src/ssd1306.o
                0x08001ca4                ssd1306_Init
 .text.ssd1306_Fill
                0x08001d78       0x30 ./Core/Src/ssd1306.o
                0x08001d78                ssd1306_Fill
 .text.ssd1306_UpdateScreen
                0x08001da8       0x50 ./Core/Src/ssd1306.o
                0x08001da8                ssd1306_UpdateScreen
 .text.ssd1306_DrawPixel
                0x08001df8       0xa8 ./Core/Src/ssd1306.o
                0x08001df8                ssd1306_DrawPixel
 .text.ssd1306_WriteChar
                0x08001ea0      0x124 ./Core/Src/ssd1306.o
                0x08001ea0                ssd1306_WriteChar
 .text.ssd1306_WriteString
                0x08001fc4       0x4c ./Core/Src/ssd1306.o
                0x08001fc4                ssd1306_WriteString
 .text.ssd1306_SetCursor
                0x08002010       0x30 ./Core/Src/ssd1306.o
                0x08002010                ssd1306_SetCursor
 .text.ssd1306_SetContrast
                0x08002040       0x26 ./Core/Src/ssd1306.o
                0x08002040                ssd1306_SetContrast
 *fill*         0x08002066        0x2 
 .text.ssd1306_SetDisplayOn
                0x08002068       0x3c ./Core/Src/ssd1306.o
                0x08002068                ssd1306_SetDisplayOn
 .text.HAL_MspInit
                0x080020a4       0x50 ./Core/Src/stm32f4xx_hal_msp.o
                0x080020a4                HAL_MspInit
 .text.HAL_I2C_MspInit
                0x080020f4       0x90 ./Core/Src/stm32f4xx_hal_msp.o
                0x080020f4                HAL_I2C_MspInit
 .text.HAL_SPI_MspInit
                0x08002184       0x90 ./Core/Src/stm32f4xx_hal_msp.o
                0x08002184                HAL_SPI_MspInit
 .text.HAL_TIM_PWM_MspInit
                0x08002214       0x40 ./Core/Src/stm32f4xx_hal_msp.o
                0x08002214                HAL_TIM_PWM_MspInit
 .text.HAL_TIM_MspPostInit
                0x08002254       0x70 ./Core/Src/stm32f4xx_hal_msp.o
                0x08002254                HAL_TIM_MspPostInit
 .text.HAL_UART_MspInit
                0x080022c4       0xf8 ./Core/Src/stm32f4xx_hal_msp.o
                0x080022c4                HAL_UART_MspInit
 .text.NMI_Handler
                0x080023bc        0x8 ./Core/Src/stm32f4xx_it.o
                0x080023bc                NMI_Handler
 .text.HardFault_Handler
                0x080023c4        0x8 ./Core/Src/stm32f4xx_it.o
                0x080023c4                HardFault_Handler
 .text.MemManage_Handler
                0x080023cc        0x8 ./Core/Src/stm32f4xx_it.o
                0x080023cc                MemManage_Handler
 .text.BusFault_Handler
                0x080023d4        0x8 ./Core/Src/stm32f4xx_it.o
                0x080023d4                BusFault_Handler
 .text.UsageFault_Handler
                0x080023dc        0x8 ./Core/Src/stm32f4xx_it.o
                0x080023dc                UsageFault_Handler
 .text.SVC_Handler
                0x080023e4        0xe ./Core/Src/stm32f4xx_it.o
                0x080023e4                SVC_Handler
 .text.DebugMon_Handler
                0x080023f2        0xe ./Core/Src/stm32f4xx_it.o
                0x080023f2                DebugMon_Handler
 .text.PendSV_Handler
                0x08002400        0xe ./Core/Src/stm32f4xx_it.o
                0x08002400                PendSV_Handler
 .text.SysTick_Handler
                0x0800240e        0xc ./Core/Src/stm32f4xx_it.o
                0x0800240e                SysTick_Handler
 .text._read    0x0800241a       0x3a ./Core/Src/syscalls.o
                0x0800241a                _read
 .text._close   0x08002454       0x18 ./Core/Src/syscalls.o
                0x08002454                _close
 .text._fstat   0x0800246c       0x20 ./Core/Src/syscalls.o
                0x0800246c                _fstat
 .text._isatty  0x0800248c       0x16 ./Core/Src/syscalls.o
                0x0800248c                _isatty
 .text._lseek   0x080024a2       0x1a ./Core/Src/syscalls.o
                0x080024a2                _lseek
 .text._sbrk    0x080024bc       0x6c ./Core/Src/sysmem.o
                0x080024bc                _sbrk
 .text.SystemInit
                0x08002528       0x24 ./Core/Src/system_stm32f4xx.o
                0x08002528                SystemInit
 .text.send_cmd
                0x0800254c      0x120 ./Core/Src/we-10.o
 .text.WE10_Init
                0x0800266c       0x6c ./Core/Src/we-10.o
                0x0800266c                WE10_Init
 .text.WE10_CheckUser
                0x080026d8      0x420 ./Core/Src/we-10.o
                0x080026d8                WE10_CheckUser
 .text.send_http_and_wait
                0x08002af8       0xf4 ./Core/Src/we-10.o
 .text.WE10_SyncStatus
                0x08002bec       0xfc ./Core/Src/we-10.o
                0x08002bec                WE10_SyncStatus
 .text.WE10_LogEvent
                0x08002ce8       0xa0 ./Core/Src/we-10.o
                0x08002ce8                WE10_LogEvent
 .text.WE10_SyncSlots
                0x08002d88       0xa0 ./Core/Src/we-10.o
                0x08002d88                WE10_SyncSlots
 .text.Reset_Handler
                0x08002e28       0x50 ./Core/Startup/startup_stm32f446retx.o
                0x08002e28                Reset_Handler
 .text.Default_Handler
                0x08002e78        0x2 ./Core/Startup/startup_stm32f446retx.o
                0x08002e78                RTC_Alarm_IRQHandler
                0x08002e78                EXTI2_IRQHandler
                0x08002e78                TIM8_CC_IRQHandler
                0x08002e78                FMPI2C1_EV_IRQHandler
                0x08002e78                SPI4_IRQHandler
                0x08002e78                TIM1_CC_IRQHandler
                0x08002e78                DMA2_Stream5_IRQHandler
                0x08002e78                DMA1_Stream5_IRQHandler
                0x08002e78                PVD_IRQHandler
                0x08002e78                SDIO_IRQHandler
                0x08002e78                TAMP_STAMP_IRQHandler
                0x08002e78                CAN2_RX1_IRQHandler
                0x08002e78                EXTI3_IRQHandler
                0x08002e78                TIM8_TRG_COM_TIM14_IRQHandler
                0x08002e78                TIM1_UP_TIM10_IRQHandler
                0x08002e78                TIM8_UP_TIM13_IRQHandler
                0x08002e78                I2C3_ER_IRQHandler
                0x08002e78                EXTI0_IRQHandler
                0x08002e78                I2C2_EV_IRQHandler
                0x08002e78                DMA1_Stream2_IRQHandler
                0x08002e78                CAN1_RX0_IRQHandler
                0x08002e78                FPU_IRQHandler
                0x08002e78                OTG_HS_WKUP_IRQHandler
                0x08002e78                CAN2_SCE_IRQHandler
                0x08002e78                DMA2_Stream2_IRQHandler
                0x08002e78                SPI1_IRQHandler
                0x08002e78                TIM6_DAC_IRQHandler
                0x08002e78                TIM1_BRK_TIM9_IRQHandler
                0x08002e78                DCMI_IRQHandler
                0x08002e78                CAN2_RX0_IRQHandler
                0x08002e78                DMA2_Stream3_IRQHandler
                0x08002e78                SAI2_IRQHandler
                0x08002e78                USART6_IRQHandler
                0x08002e78                USART3_IRQHandler
                0x08002e78                CAN1_RX1_IRQHandler
                0x08002e78                UART5_IRQHandler
                0x08002e78                DMA2_Stream0_IRQHandler
                0x08002e78                TIM4_IRQHandler
                0x08002e78                QUADSPI_IRQHandler
                0x08002e78                I2C1_EV_IRQHandler
                0x08002e78                DMA1_Stream6_IRQHandler
                0x08002e78                DMA1_Stream1_IRQHandler
                0x08002e78                UART4_IRQHandler
                0x08002e78                TIM3_IRQHandler
                0x08002e78                RCC_IRQHandler
                0x08002e78                TIM8_BRK_TIM12_IRQHandler
                0x08002e78                Default_Handler
                0x08002e78                CEC_IRQHandler
                0x08002e78                EXTI15_10_IRQHandler
                0x08002e78                ADC_IRQHandler
                0x08002e78                DMA1_Stream7_IRQHandler
                0x08002e78                TIM7_IRQHandler
                0x08002e78                CAN2_TX_IRQHandler
                0x08002e78                TIM5_IRQHandler
                0x08002e78                DMA2_Stream7_IRQHandler
                0x08002e78                I2C3_EV_IRQHandler
                0x08002e78                EXTI9_5_IRQHandler
                0x08002e78                RTC_WKUP_IRQHandler
                0x08002e78                SPDIF_RX_IRQHandler
                0x08002e78                SPI2_IRQHandler
                0x08002e78                OTG_HS_EP1_IN_IRQHandler
                0x08002e78                DMA1_Stream0_IRQHandler
                0x08002e78                CAN1_TX_IRQHandler
                0x08002e78                FMPI2C1_ER_IRQHandler
                0x08002e78                EXTI4_IRQHandler
                0x08002e78                OTG_HS_EP1_OUT_IRQHandler
                0x08002e78                WWDG_IRQHandler
                0x08002e78                TIM2_IRQHandler
                0x08002e78                OTG_FS_WKUP_IRQHandler
                0x08002e78                TIM1_TRG_COM_TIM11_IRQHandler
                0x08002e78                OTG_HS_IRQHandler
                0x08002e78                EXTI1_IRQHandler
                0x08002e78                USART2_IRQHandler
                0x08002e78                I2C2_ER_IRQHandler
                0x08002e78                DMA2_Stream1_IRQHandler
                0x08002e78                CAN1_SCE_IRQHandler
                0x08002e78                FLASH_IRQHandler
                0x08002e78                DMA2_Stream4_IRQHandler
                0x08002e78                USART1_IRQHandler
                0x08002e78                OTG_FS_IRQHandler
                0x08002e78                SPI3_IRQHandler
                0x08002e78                DMA1_Stream4_IRQHandler
                0x08002e78                I2C1_ER_IRQHandler
                0x08002e78                FMC_IRQHandler
                0x08002e78                DMA2_Stream6_IRQHandler
                0x08002e78                SAI1_IRQHandler
                0x08002e78                DMA1_Stream3_IRQHandler
 *fill*         0x08002e7a        0x2 
 .text.HAL_Init
                0x08002e7c       0x44 ./Drivers/STM32F4xx_HAL_Driver/Src/stm32f4xx_hal.o
                0x08002e7c                HAL_Init
 .text.HAL_InitTick
                0x08002ec0       0x60 ./Drivers/STM32F4xx_HAL_Driver/Src/stm32f4xx_hal.o
                0x08002ec0                HAL_InitTick
 .text.HAL_IncTick
                0x08002f20       0x28 ./Drivers/STM32F4xx_HAL_Driver/Src/stm32f4xx_hal.o
                0x08002f20                HAL_IncTick
 .text.HAL_GetTick
                0x08002f48       0x18 ./Drivers/STM32F4xx_HAL_Driver/Src/stm32f4xx_hal.o
                0x08002f48                HAL_GetTick
 .text.HAL_Delay
                0x08002f60       0x48 ./Drivers/STM32F4xx_HAL_Driver/Src/stm32f4xx_hal.o
                0x08002f60                HAL_Delay
 .text.__NVIC_SetPriorityGrouping
                0x08002fa8       0x48 ./Drivers/STM32F4xx_HAL_Driver/Src/stm32f4xx_hal_cortex.o
 .text.__NVIC_GetPriorityGrouping
                0x08002ff0       0x1c ./Drivers/STM32F4xx_HAL_Driver/Src/stm32f4xx_hal_cortex.o
 .text.__NVIC_SetPriority
                0x0800300c       0x54 ./Drivers/STM32F4xx_HAL_Driver/Src/stm32f4xx_hal_cortex.o
 .text.NVIC_EncodePriority
                0x08003060       0x66 ./Drivers/STM32F4xx_HAL_Driver/Src/stm32f4xx_hal_cortex.o
 *fill*         0x080030c6        0x2 
 .text.SysTick_Config
                0x080030c8       0x44 ./Drivers/STM32F4xx_HAL_Driver/Src/stm32f4xx_hal_cortex.o
 .text.HAL_NVIC_SetPriorityGrouping
                0x0800310c       0x16 ./Drivers/STM32F4xx_HAL_Driver/Src/stm32f4xx_hal_cortex.o
                0x0800310c                HAL_NVIC_SetPriorityGrouping
 .text.HAL_NVIC_SetPriority
                0x08003122       0x38 ./Drivers/STM32F4xx_HAL_Driver/Src/stm32f4xx_hal_cortex.o
                0x08003122                HAL_NVIC_SetPriority
 .text.HAL_SYSTICK_Config
                0x0800315a       0x18 ./Drivers/STM32F4xx_HAL_Driver/Src/stm32f4xx_hal_cortex.o
                0x0800315a                HAL_SYSTICK_Config
 *fill*         0x08003172        0x2 
 .text.HAL_GPIO_Init
                0x08003174      0x328 ./Drivers/STM32F4xx_HAL_Driver/Src/stm32f4xx_hal_gpio.o
                0x08003174                HAL_GPIO_Init
 .text.HAL_GPIO_ReadPin
                0x0800349c       0x30 ./Drivers/STM32F4xx_HAL_Driver/Src/stm32f4xx_hal_gpio.o
                0x0800349c                HAL_GPIO_ReadPin
 .text.HAL_GPIO_WritePin
                0x080034cc       0x32 ./Drivers/STM32F4xx_HAL_Driver/Src/stm32f4xx_hal_gpio.o
                0x080034cc                HAL_GPIO_WritePin
 *fill*         0x080034fe        0x2 
 .text.HAL_I2C_Init
                0x08003500      0x288 ./Drivers/STM32F4xx_HAL_Driver/Src/stm32f4xx_hal_i2c.o
                0x08003500                HAL_I2C_Init
 .text.HAL_I2C_Master_Transmit
                0x08003788      0x1fc ./Drivers/STM32F4xx_HAL_Driver/Src/stm32f4xx_hal_i2c.o
                0x08003788                HAL_I2C_Master_Transmit
 .text.HAL_I2C_Master_Receive
                0x08003984      0x464 ./Drivers/STM32F4xx_HAL_Driver/Src/stm32f4xx_hal_i2c.o
                0x08003984                HAL_I2C_Master_Receive
 .text.HAL_I2C_Mem_Write
                0x08003de8      0x1f4 ./Drivers/STM32F4xx_HAL_Driver/Src/stm32f4xx_hal_i2c.o
                0x08003de8                HAL_I2C_Mem_Write
 .text.HAL_I2C_IsDeviceReady
                0x08003fdc      0x25c ./Drivers/STM32F4xx_HAL_Driver/Src/stm32f4xx_hal_i2c.o
                0x08003fdc                HAL_I2C_IsDeviceReady
 .text.I2C_MasterRequestWrite
                0x08004238      0x104 ./Drivers/STM32F4xx_HAL_Driver/Src/stm32f4xx_hal_i2c.o
 .text.I2C_MasterRequestRead
                0x0800433c      0x19c ./Drivers/STM32F4xx_HAL_Driver/Src/stm32f4xx_hal_i2c.o
 .text.I2C_RequestMemoryWrite
                0x080044d8      0x12c ./Drivers/STM32F4xx_HAL_Driver/Src/stm32f4xx_hal_i2c.o
 .text.I2C_WaitOnFlagUntilTimeout
                0x08004604       0xf4 ./Drivers/STM32F4xx_HAL_Driver/Src/stm32f4xx_hal_i2c.o
 .text.I2C_WaitOnMasterAddressFlagUntilTimeout
                0x080046f8      0x140 ./Drivers/STM32F4xx_HAL_Driver/Src/stm32f4xx_hal_i2c.o
 .text.I2C_WaitOnTXEFlagUntilTimeout
                0x08004838       0x90 ./Drivers/STM32F4xx_HAL_Driver/Src/stm32f4xx_hal_i2c.o
 .text.I2C_WaitOnBTFFlagUntilTimeout
                0x080048c8       0x90 ./Drivers/STM32F4xx_HAL_Driver/Src/stm32f4xx_hal_i2c.o
 .text.I2C_WaitOnRXNEFlagUntilTimeout
                0x08004958       0xba ./Drivers/STM32F4xx_HAL_Driver/Src/stm32f4xx_hal_i2c.o
 .text.I2C_IsAcknowledgeFailed
                0x08004a12       0x5e ./Drivers/STM32F4xx_HAL_Driver/Src/stm32f4xx_hal_i2c.o
 .text.HAL_RCC_ClockConfig
                0x08004a70      0x1cc ./Drivers/STM32F4xx_HAL_Driver/Src/stm32f4xx_hal_rcc.o
                0x08004a70                HAL_RCC_ClockConfig
 .text.HAL_RCC_GetHCLKFreq
                0x08004c3c       0x18 ./Drivers/STM32F4xx_HAL_Driver/Src/stm32f4xx_hal_rcc.o
                0x08004c3c                HAL_RCC_GetHCLKFreq
 .text.HAL_RCC_GetPCLK1Freq
                0x08004c54       0x28 ./Drivers/STM32F4xx_HAL_Driver/Src/stm32f4xx_hal_rcc.o
                0x08004c54                HAL_RCC_GetPCLK1Freq
 .text.HAL_RCC_GetPCLK2Freq
                0x08004c7c       0x28 ./Drivers/STM32F4xx_HAL_Driver/Src/stm32f4xx_hal_rcc.o
                0x08004c7c                HAL_RCC_GetPCLK2Freq
 .text.HAL_RCC_GetSysClockFreq
                0x08004ca4      0x460 ./Drivers/STM32F4xx_HAL_Driver/Src/stm32f4xx_hal_rcc_ex.o
                0x08004ca4                HAL_RCC_GetSysClockFreq
 .text.HAL_RCC_OscConfig
                0x08005104      0x53c ./Drivers/STM32F4xx_HAL_Driver/Src/stm32f4xx_hal_rcc_ex.o
                0x08005104                HAL_RCC_OscConfig
 .text.HAL_SPI_Init
                0x08005640      0x112 ./Drivers/STM32F4xx_HAL_Driver/Src/stm32f4xx_hal_spi.o
                0x08005640                HAL_SPI_Init
 .text.HAL_SPI_Transmit
                0x08005752      0x288 ./Drivers/STM32F4xx_HAL_Driver/Src/stm32f4xx_hal_spi.o
                0x08005752                HAL_SPI_Transmit
 .text.HAL_SPI_TransmitReceive
                0x080059da      0x352 ./Drivers/STM32F4xx_HAL_Driver/Src/stm32f4xx_hal_spi.o
                0x080059da                HAL_SPI_TransmitReceive
 .text.SPI_WaitFlagStateUntilTimeout
                0x08005d2c      0x110 ./Drivers/STM32F4xx_HAL_Driver/Src/stm32f4xx_hal_spi.o
 .text.SPI_EndRxTxTransaction
                0x08005e3c       0xa8 ./Drivers/STM32F4xx_HAL_Driver/Src/stm32f4xx_hal_spi.o
 .text.HAL_TIM_PWM_Init
                0x08005ee4       0x9e ./Drivers/STM32F4xx_HAL_Driver/Src/stm32f4xx_hal_tim.o
                0x08005ee4                HAL_TIM_PWM_Init
 *fill*         0x08005f82        0x2 
 .text.HAL_TIM_PWM_Start
                0x08005f84      0x190 ./Drivers/STM32F4xx_HAL_Driver/Src/stm32f4xx_hal_tim.o
                0x08005f84                HAL_TIM_PWM_Start
 .text.HAL_TIM_PWM_ConfigChannel
                0x08006114      0x184 ./Drivers/STM32F4xx_HAL_Driver/Src/stm32f4xx_hal_tim.o
                0x08006114                HAL_TIM_PWM_ConfigChannel
 .text.TIM_Base_SetConfig
                0x08006298      0x14c ./Drivers/STM32F4xx_HAL_Driver/Src/stm32f4xx_hal_tim.o
                0x08006298                TIM_Base_SetConfig
 .text.TIM_OC1_SetConfig
                0x080063e4       0xe0 ./Drivers/STM32F4xx_HAL_Driver/Src/stm32f4xx_hal_tim.o
 .text.TIM_OC2_SetConfig
                0x080064c4       0xec ./Drivers/STM32F4xx_HAL_Driver/Src/stm32f4xx_hal_tim.o
                0x080064c4                TIM_OC2_SetConfig
 .text.TIM_OC3_SetConfig
                0x080065b0       0xe8 ./Drivers/STM32F4xx_HAL_Driver/Src/stm32f4xx_hal_tim.o
 .text.TIM_OC4_SetConfig
                0x08006698       0xac ./Drivers/STM32F4xx_HAL_Driver/Src/stm32f4xx_hal_tim.o
 .text.TIM_CCxChannelCmd
                0x08006744       0x4a ./Drivers/STM32F4xx_HAL_Driver/Src/stm32f4xx_hal_tim.o
                0x08006744                TIM_CCxChannelCmd
 *fill*         0x0800678e        0x2 
 .text.HAL_TIMEx_MasterConfigSynchronization
                0x08006790       0xf8 ./Drivers/STM32F4xx_HAL_Driver/Src/stm32f4xx_hal_tim_ex.o
                0x08006790                HAL_TIMEx_MasterConfigSynchronization
 .text.HAL_UART_Init
                0x08006888       0xa0 ./Drivers/STM32F4xx_HAL_Driver/Src/stm32f4xx_hal_uart.o
                0x08006888                HAL_UART_Init
 .text.HAL_UART_Transmit
                0x08006928      0x116 ./Drivers/STM32F4xx_HAL_Driver/Src/stm32f4xx_hal_uart.o
                0x08006928                HAL_UART_Transmit
 .text.HAL_UART_Receive
                0x08006a3e      0x12e ./Drivers/STM32F4xx_HAL_Driver/Src/stm32f4xx_hal_uart.o
                0x08006a3e                HAL_UART_Receive
 .text.UART_WaitOnFlagUntilTimeout
                0x08006b6c       0xb2 ./Drivers/STM32F4xx_HAL_Driver/Src/stm32f4xx_hal_uart.o
 .text.UART_EndRxTransfer
                0x08006c1e       0xc6 ./Drivers/STM32F4xx_HAL_Driver/Src/stm32f4xx_hal_uart.o
 .text.UART_SetConfig
                0x08006ce4      0x4e8 ./Drivers/STM32F4xx_HAL_Driver/Src/stm32f4xx_hal_uart.o
 .text.atoi     0x080071cc        0x8 D:/PHYTEC OJT/Software/STM32CubeIDE_1.16.0/STM32CubeIDE/plugins/com.st.stm32cube.ide.mcu.externaltools.gnu-tools-for-stm32.12.3.rel1.win32_1.0.200.202406191623/tools/bin/../lib/gcc/arm-none-eabi/12.3.1/../../../../arm-none-eabi/lib/thumb/v7e-m+fp/hard\libc_nano.a(libc_a-atoi.o)
                0x080071cc                atoi
 .text._strtol_l.constprop.0
                0x080071d4       0xf4 D:/PHYTEC OJT/Software/STM32CubeIDE_1.16.0/STM32CubeIDE/plugins/com.st.stm32cube.ide.mcu.externaltools.gnu-tools-for-stm32.12.3.rel1.win32_1.0.200.202406191623/tools/bin/../lib/gcc/arm-none-eabi/12.3.1/../../../../arm-none-eabi/lib/thumb/v7e-m+fp/hard\libc_nano.a(libc_a-strtol.o)
 .text._strtol_r
                0x080072c8        0x4 D:/PHYTEC OJT/Software/STM32CubeIDE_1.16.0/STM32CubeIDE/plugins/com.st.stm32cube.ide.mcu.externaltools.gnu-tools-for-stm32.12.3.rel1.win32_1.0.200.202406191623/tools/bin/../lib/gcc/arm-none-eabi/12.3.1/../../../../arm-none-eabi/lib/thumb/v7e-m+fp/hard\libc_nano.a(libc_a-strtol.o)
                0x080072c8                _strtol_r
 .text.strtol   0x080072cc       0x14 D:/PHYTEC OJT/Software/STM32CubeIDE_1.16.0/STM32CubeIDE/plugins/com.st.stm32cube.ide.mcu.externaltools.gnu-tools-for-stm32.12.3.rel1.win32_1.0.200.202406191623/tools/bin/../lib/gcc/arm-none-eabi/12.3.1/../../../../arm-none-eabi/lib/thumb/v7e-m+fp/hard\libc_nano.a(libc_a-strtol.o)
                0x080072cc                strtol
 .text.std      0x080072e0       0x6c D:/PHYTEC OJT/Software/STM32CubeIDE_1.16.0/STM32CubeIDE/plugins/com.st.stm32cube.ide.mcu.externaltools.gnu-tools-for-stm32.12.3.rel1.win32_1.0.200.202406191623/tools/bin/../lib/gcc/arm-none-eabi/12.3.1/../../../../arm-none-eabi/lib/thumb/v7e-m+fp/hard\libc_nano.a(libc_a-findfp.o)
 .text.stdio_exit_handler
                0x0800734c       0x18 D:/PHYTEC OJT/Software/STM32CubeIDE_1.16.0/STM32CubeIDE/plugins/com.st.stm32cube.ide.mcu.externaltools.gnu-tools-for-stm32.12.3.rel1.win32_1.0.200.202406191623/tools/bin/../lib/gcc/arm-none-eabi/12.3.1/../../../../arm-none-eabi/lib/thumb/v7e-m+fp/hard\libc_nano.a(libc_a-findfp.o)
 .text.cleanup_stdio
                0x08007364       0x40 D:/PHYTEC OJT/Software/STM32CubeIDE_1.16.0/STM32CubeIDE/plugins/com.st.stm32cube.ide.mcu.externaltools.gnu-tools-for-stm32.12.3.rel1.win32_1.0.200.202406191623/tools/bin/../lib/gcc/arm-none-eabi/12.3.1/../../../../arm-none-eabi/lib/thumb/v7e-m+fp/hard\libc_nano.a(libc_a-findfp.o)
 .text.global_stdio_init.part.0
                0x080073a4       0x3c D:/PHYTEC OJT/Software/STM32CubeIDE_1.16.0/STM32CubeIDE/plugins/com.st.stm32cube.ide.mcu.externaltools.gnu-tools-for-stm32.12.3.rel1.win32_1.0.200.202406191623/tools/bin/../lib/gcc/arm-none-eabi/12.3.1/../../../../arm-none-eabi/lib/thumb/v7e-m+fp/hard\libc_nano.a(libc_a-findfp.o)
 .text.__sfp_lock_acquire
                0x080073e0        0xc D:/PHYTEC OJT/Software/STM32CubeIDE_1.16.0/STM32CubeIDE/plugins/com.st.stm32cube.ide.mcu.externaltools.gnu-tools-for-stm32.12.3.rel1.win32_1.0.200.202406191623/tools/bin/../lib/gcc/arm-none-eabi/12.3.1/../../../../arm-none-eabi/lib/thumb/v7e-m+fp/hard\libc_nano.a(libc_a-findfp.o)
                0x080073e0                __sfp_lock_acquire
 .text.__sfp_lock_release
                0x080073ec        0xc D:/PHYTEC OJT/Software/STM32CubeIDE_1.16.0/STM32CubeIDE/plugins/com.st.stm32cube.ide.mcu.externaltools.gnu-tools-for-stm32.12.3.rel1.win32_1.0.200.202406191623/tools/bin/../lib/gcc/arm-none-eabi/12.3.1/../../../../arm-none-eabi/lib/thumb/v7e-m+fp/hard\libc_nano.a(libc_a-findfp.o)
                0x080073ec                __sfp_lock_release
 .text.__sinit  0x080073f8       0x30 D:/PHYTEC OJT/Software/STM32CubeIDE_1.16.0/STM32CubeIDE/plugins/com.st.stm32cube.ide.mcu.externaltools.gnu-tools-for-stm32.12.3.rel1.win32_1.0.200.202406191623/tools/bin/../lib/gcc/arm-none-eabi/12.3.1/../../../../arm-none-eabi/lib/thumb/v7e-m+fp/hard\libc_nano.a(libc_a-findfp.o)
                0x080073f8                __sinit
 .text._fwalk_sglue
                0x08007428       0x3c D:/PHYTEC OJT/Software/STM32CubeIDE_1.16.0/STM32CubeIDE/plugins/com.st.stm32cube.ide.mcu.externaltools.gnu-tools-for-stm32.12.3.rel1.win32_1.0.200.202406191623/tools/bin/../lib/gcc/arm-none-eabi/12.3.1/../../../../arm-none-eabi/lib/thumb/v7e-m+fp/hard\libc_nano.a(libc_a-fwalk.o)
                0x08007428                _fwalk_sglue
 .text.printf   0x08007464       0x24 D:/PHYTEC OJT/Software/STM32CubeIDE_1.16.0/STM32CubeIDE/plugins/com.st.stm32cube.ide.mcu.externaltools.gnu-tools-for-stm32.12.3.rel1.win32_1.0.200.202406191623/tools/bin/../lib/gcc/arm-none-eabi/12.3.1/../../../../arm-none-eabi/lib/thumb/v7e-m+fp/hard\libc_nano.a(libc_a-printf.o)
                0x08007464                iprintf
                0x08007464                printf
 .text._puts_r  0x08007488       0xaa D:/PHYTEC OJT/Software/STM32CubeIDE_1.16.0/STM32CubeIDE/plugins/com.st.stm32cube.ide.mcu.externaltools.gnu-tools-for-stm32.12.3.rel1.win32_1.0.200.202406191623/tools/bin/../lib/gcc/arm-none-eabi/12.3.1/../../../../arm-none-eabi/lib/thumb/v7e-m+fp/hard\libc_nano.a(libc_a-puts.o)
                0x08007488                _puts_r
 *fill*         0x08007532        0x2 
 .text.puts     0x08007534       0x10 D:/PHYTEC OJT/Software/STM32CubeIDE_1.16.0/STM32CubeIDE/plugins/com.st.stm32cube.ide.mcu.externaltools.gnu-tools-for-stm32.12.3.rel1.win32_1.0.200.202406191623/tools/bin/../lib/gcc/arm-none-eabi/12.3.1/../../../../arm-none-eabi/lib/thumb/v7e-m+fp/hard\libc_nano.a(libc_a-puts.o)
                0x08007534                puts
 .text.snprintf
                0x08007544       0x68 D:/PHYTEC OJT/Software/STM32CubeIDE_1.16.0/STM32CubeIDE/plugins/com.st.stm32cube.ide.mcu.externaltools.gnu-tools-for-stm32.12.3.rel1.win32_1.0.200.202406191623/tools/bin/../lib/gcc/arm-none-eabi/12.3.1/../../../../arm-none-eabi/lib/thumb/v7e-m+fp/hard\libc_nano.a(libc_a-snprintf.o)
                0x08007544                sniprintf
                0x08007544                snprintf
 .text.sprintf  0x080075ac       0x40 D:/PHYTEC OJT/Software/STM32CubeIDE_1.16.0/STM32CubeIDE/plugins/com.st.stm32cube.ide.mcu.externaltools.gnu-tools-for-stm32.12.3.rel1.win32_1.0.200.202406191623/tools/bin/../lib/gcc/arm-none-eabi/12.3.1/../../../../arm-none-eabi/lib/thumb/v7e-m+fp/hard\libc_nano.a(libc_a-sprintf.o)
                0x080075ac                siprintf
                0x080075ac                sprintf
 .text.sscanf   0x080075ec       0x54 D:/PHYTEC OJT/Software/STM32CubeIDE_1.16.0/STM32CubeIDE/plugins/com.st.stm32cube.ide.mcu.externaltools.gnu-tools-for-stm32.12.3.rel1.win32_1.0.200.202406191623/tools/bin/../lib/gcc/arm-none-eabi/12.3.1/../../../../arm-none-eabi/lib/thumb/v7e-m+fp/hard\libc_nano.a(libc_a-sscanf.o)
                0x080075ec                siscanf
                0x080075ec                sscanf
 .text.__sread  0x08007640       0x22 D:/PHYTEC OJT/Software/STM32CubeIDE_1.16.0/STM32CubeIDE/plugins/com.st.stm32cube.ide.mcu.externaltools.gnu-tools-for-stm32.12.3.rel1.win32_1.0.200.202406191623/tools/bin/../lib/gcc/arm-none-eabi/12.3.1/../../../../arm-none-eabi/lib/thumb/v7e-m+fp/hard\libc_nano.a(libc_a-stdio.o)
                0x08007640                __sread
 .text.__seofread
                0x08007662        0x4 D:/PHYTEC OJT/Software/STM32CubeIDE_1.16.0/STM32CubeIDE/plugins/com.st.stm32cube.ide.mcu.externaltools.gnu-tools-for-stm32.12.3.rel1.win32_1.0.200.202406191623/tools/bin/../lib/gcc/arm-none-eabi/12.3.1/../../../../arm-none-eabi/lib/thumb/v7e-m+fp/hard\libc_nano.a(libc_a-stdio.o)
                0x08007662                __seofread
 .text.__swrite
                0x08007666       0x38 D:/PHYTEC OJT/Software/STM32CubeIDE_1.16.0/STM32CubeIDE/plugins/com.st.stm32cube.ide.mcu.externaltools.gnu-tools-for-stm32.12.3.rel1.win32_1.0.200.202406191623/tools/bin/../lib/gcc/arm-none-eabi/12.3.1/../../../../arm-none-eabi/lib/thumb/v7e-m+fp/hard\libc_nano.a(libc_a-stdio.o)
                0x08007666                __swrite
 .text.__sseek  0x0800769e       0x24 D:/PHYTEC OJT/Software/STM32CubeIDE_1.16.0/STM32CubeIDE/plugins/com.st.stm32cube.ide.mcu.externaltools.gnu-tools-for-stm32.12.3.rel1.win32_1.0.200.202406191623/tools/bin/../lib/gcc/arm-none-eabi/12.3.1/../../../../arm-none-eabi/lib/thumb/v7e-m+fp/hard\libc_nano.a(libc_a-stdio.o)
                0x0800769e                __sseek
 .text.__sclose
                0x080076c2        0x8 D:/PHYTEC OJT/Software/STM32CubeIDE_1.16.0/STM32CubeIDE/plugins/com.st.stm32cube.ide.mcu.externaltools.gnu-tools-for-stm32.12.3.rel1.win32_1.0.200.202406191623/tools/bin/../lib/gcc/arm-none-eabi/12.3.1/../../../../arm-none-eabi/lib/thumb/v7e-m+fp/hard\libc_nano.a(libc_a-stdio.o)
                0x080076c2                __sclose
 .text.__swbuf_r
                0x080076ca       0x7c D:/PHYTEC OJT/Software/STM32CubeIDE_1.16.0/STM32CubeIDE/plugins/com.st.stm32cube.ide.mcu.externaltools.gnu-tools-for-stm32.12.3.rel1.win32_1.0.200.202406191623/tools/bin/../lib/gcc/arm-none-eabi/12.3.1/../../../../arm-none-eabi/lib/thumb/v7e-m+fp/hard\libc_nano.a(libc_a-wbuf.o)
                0x080076ca                __swbuf_r
 *fill*         0x08007746        0x2 
 .text.__swsetup_r
                0x08007748       0xac D:/PHYTEC OJT/Software/STM32CubeIDE_1.16.0/STM32CubeIDE/plugins/com.st.stm32cube.ide.mcu.externaltools.gnu-tools-for-stm32.12.3.rel1.win32_1.0.200.202406191623/tools/bin/../lib/gcc/arm-none-eabi/12.3.1/../../../../arm-none-eabi/lib/thumb/v7e-m+fp/hard\libc_nano.a(libc_a-wsetup.o)
                0x08007748                __swsetup_r
 .text.memset   0x080077f4       0x10 D:/PHYTEC OJT/Software/STM32CubeIDE_1.16.0/STM32CubeIDE/plugins/com.st.stm32cube.ide.mcu.externaltools.gnu-tools-for-stm32.12.3.rel1.win32_1.0.200.202406191623/tools/bin/../lib/gcc/arm-none-eabi/12.3.1/../../../../arm-none-eabi/lib/thumb/v7e-m+fp/hard\libc_nano.a(libc_a-memset.o)
                0x080077f4                memset
 .text.strchr   0x08007804       0x1a D:/PHYTEC OJT/Software/STM32CubeIDE_1.16.0/STM32CubeIDE/plugins/com.st.stm32cube.ide.mcu.externaltools.gnu-tools-for-stm32.12.3.rel1.win32_1.0.200.202406191623/tools/bin/../lib/gcc/arm-none-eabi/12.3.1/../../../../arm-none-eabi/lib/thumb/v7e-m+fp/hard\libc_nano.a(libc_a-strchr.o)
                0x08007804                strchr
 .text.strncpy  0x0800781e       0x26 D:/PHYTEC OJT/Software/STM32CubeIDE_1.16.0/STM32CubeIDE/plugins/com.st.stm32cube.ide.mcu.externaltools.gnu-tools-for-stm32.12.3.rel1.win32_1.0.200.202406191623/tools/bin/../lib/gcc/arm-none-eabi/12.3.1/../../../../arm-none-eabi/lib/thumb/v7e-m+fp/hard\libc_nano.a(libc_a-strncpy.o)
                0x0800781e                strncpy
 .text.strstr   0x08007844       0x2c D:/PHYTEC OJT/Software/STM32CubeIDE_1.16.0/STM32CubeIDE/plugins/com.st.stm32cube.ide.mcu.externaltools.gnu-tools-for-stm32.12.3.rel1.win32_1.0.200.202406191623/tools/bin/../lib/gcc/arm-none-eabi/12.3.1/../../../../arm-none-eabi/lib/thumb/v7e-m+fp/hard\libc_nano.a(libc_a-strstr.o)
                0x08007844                strstr
 .text._close_r
                0x08007870       0x20 D:/PHYTEC OJT/Software/STM32CubeIDE_1.16.0/STM32CubeIDE/plugins/com.st.stm32cube.ide.mcu.externaltools.gnu-tools-for-stm32.12.3.rel1.win32_1.0.200.202406191623/tools/bin/../lib/gcc/arm-none-eabi/12.3.1/../../../../arm-none-eabi/lib/thumb/v7e-m+fp/hard\libc_nano.a(libc_a-closer.o)
                0x08007870                _close_r
 .text._lseek_r
                0x08007890       0x24 D:/PHYTEC OJT/Software/STM32CubeIDE_1.16.0/STM32CubeIDE/plugins/com.st.stm32cube.ide.mcu.externaltools.gnu-tools-for-stm32.12.3.rel1.win32_1.0.200.202406191623/tools/bin/../lib/gcc/arm-none-eabi/12.3.1/../../../../arm-none-eabi/lib/thumb/v7e-m+fp/hard\libc_nano.a(libc_a-lseekr.o)
                0x08007890                _lseek_r
 .text._read_r  0x080078b4       0x24 D:/PHYTEC OJT/Software/STM32CubeIDE_1.16.0/STM32CubeIDE/plugins/com.st.stm32cube.ide.mcu.externaltools.gnu-tools-for-stm32.12.3.rel1.win32_1.0.200.202406191623/tools/bin/../lib/gcc/arm-none-eabi/12.3.1/../../../../arm-none-eabi/lib/thumb/v7e-m+fp/hard\libc_nano.a(libc_a-readr.o)
                0x080078b4                _read_r
 .text._write_r
                0x080078d8       0x24 D:/PHYTEC OJT/Software/STM32CubeIDE_1.16.0/STM32CubeIDE/plugins/com.st.stm32cube.ide.mcu.externaltools.gnu-tools-for-stm32.12.3.rel1.win32_1.0.200.202406191623/tools/bin/../lib/gcc/arm-none-eabi/12.3.1/../../../../arm-none-eabi/lib/thumb/v7e-m+fp/hard\libc_nano.a(libc_a-writer.o)
                0x080078d8                _write_r
 .text.__errno  0x080078fc        0xc D:/PHYTEC OJT/Software/STM32CubeIDE_1.16.0/STM32CubeIDE/plugins/com.st.stm32cube.ide.mcu.externaltools.gnu-tools-for-stm32.12.3.rel1.win32_1.0.200.202406191623/tools/bin/../lib/gcc/arm-none-eabi/12.3.1/../../../../arm-none-eabi/lib/thumb/v7e-m+fp/hard\libc_nano.a(libc_a-errno.o)
                0x080078fc                __errno
 .text.__libc_init_array
                0x08007908       0x48 D:/PHYTEC OJT/Software/STM32CubeIDE_1.16.0/STM32CubeIDE/plugins/com.st.stm32cube.ide.mcu.externaltools.gnu-tools-for-stm32.12.3.rel1.win32_1.0.200.202406191623/tools/bin/../lib/gcc/arm-none-eabi/12.3.1/../../../../arm-none-eabi/lib/thumb/v7e-m+fp/hard\libc_nano.a(libc_a-init.o)
                0x08007908                __libc_init_array
 .text.__retarget_lock_init_recursive
                0x08007950        0x2 D:/PHYTEC OJT/Software/STM32CubeIDE_1.16.0/STM32CubeIDE/plugins/com.st.stm32cube.ide.mcu.externaltools.gnu-tools-for-stm32.12.3.rel1.win32_1.0.200.202406191623/tools/bin/../lib/gcc/arm-none-eabi/12.3.1/../../../../arm-none-eabi/lib/thumb/v7e-m+fp/hard\libc_nano.a(libc_a-lock.o)
                0x08007950                __retarget_lock_init_recursive
 .text.__retarget_lock_acquire_recursive
                0x08007952        0x2 D:/PHYTEC OJT/Software/STM32CubeIDE_1.16.0/STM32CubeIDE/plugins/com.st.stm32cube.ide.mcu.externaltools.gnu-tools-for-stm32.12.3.rel1.win32_1.0.200.202406191623/tools/bin/../lib/gcc/arm-none-eabi/12.3.1/../../../../arm-none-eabi/lib/thumb/v7e-m+fp/hard\libc_nano.a(libc_a-lock.o)
                0x08007952                __retarget_lock_acquire_recursive
 .text.__retarget_lock_release_recursive
                0x08007954        0x2 D:/PHYTEC OJT/Software/STM32CubeIDE_1.16.0/STM32CubeIDE/plugins/com.st.stm32cube.ide.mcu.externaltools.gnu-tools-for-stm32.12.3.rel1.win32_1.0.200.202406191623/tools/bin/../lib/gcc/arm-none-eabi/12.3.1/../../../../arm-none-eabi/lib/thumb/v7e-m+fp/hard\libc_nano.a(libc_a-lock.o)
                0x08007954                __retarget_lock_release_recursive
 .text.memcpy   0x08007956       0x1c D:/PHYTEC OJT/Software/STM32CubeIDE_1.16.0/STM32CubeIDE/plugins/com.st.stm32cube.ide.mcu.externaltools.gnu-tools-for-stm32.12.3.rel1.win32_1.0.200.202406191623/tools/bin/../lib/gcc/arm-none-eabi/12.3.1/../../../../arm-none-eabi/lib/thumb/v7e-m+fp/hard\libc_nano.a(libc_a-memcpy-stub.o)
                0x08007956                memcpy
 *fill*         0x08007972        0x2 
 .text._free_r  0x08007974       0x94 D:/PHYTEC OJT/Software/STM32CubeIDE_1.16.0/STM32CubeIDE/plugins/com.st.stm32cube.ide.mcu.externaltools.gnu-tools-for-stm32.12.3.rel1.win32_1.0.200.202406191623/tools/bin/../lib/gcc/arm-none-eabi/12.3.1/../../../../arm-none-eabi/lib/thumb/v7e-m+fp/hard\libc_nano.a(libc_a-freer.o)
                0x08007974                _free_r
 .text.sbrk_aligned
                0x08007a08       0x44 D:/PHYTEC OJT/Software/STM32CubeIDE_1.16.0/STM32CubeIDE/plugins/com.st.stm32cube.ide.mcu.externaltools.gnu-tools-for-stm32.12.3.rel1.win32_1.0.200.202406191623/tools/bin/../lib/gcc/arm-none-eabi/12.3.1/../../../../arm-none-eabi/lib/thumb/v7e-m+fp/hard\libc_nano.a(libc_a-mallocr.o)
 .text._malloc_r
                0x08007a4c      0x100 D:/PHYTEC OJT/Software/STM32CubeIDE_1.16.0/STM32CubeIDE/plugins/com.st.stm32cube.ide.mcu.externaltools.gnu-tools-for-stm32.12.3.rel1.win32_1.0.200.202406191623/tools/bin/../lib/gcc/arm-none-eabi/12.3.1/../../../../arm-none-eabi/lib/thumb/v7e-m+fp/hard\libc_nano.a(libc_a-mallocr.o)
                0x08007a4c                _malloc_r
 .text.__malloc_lock
                0x08007b4c        0xc D:/PHYTEC OJT/Software/STM32CubeIDE_1.16.0/STM32CubeIDE/plugins/com.st.stm32cube.ide.mcu.externaltools.gnu-tools-for-stm32.12.3.rel1.win32_1.0.200.202406191623/tools/bin/../lib/gcc/arm-none-eabi/12.3.1/../../../../arm-none-eabi/lib/thumb/v7e-m+fp/hard\libc_nano.a(libc_a-mlock.o)
                0x08007b4c                __malloc_lock
 .text.__malloc_unlock
                0x08007b58        0xc D:/PHYTEC OJT/Software/STM32CubeIDE_1.16.0/STM32CubeIDE/plugins/com.st.stm32cube.ide.mcu.externaltools.gnu-tools-for-stm32.12.3.rel1.win32_1.0.200.202406191623/tools/bin/../lib/gcc/arm-none-eabi/12.3.1/../../../../arm-none-eabi/lib/thumb/v7e-m+fp/hard\libc_nano.a(libc_a-mlock.o)
                0x08007b58                __malloc_unlock
 .text.__ssputs_r
                0x08007b64       0xb6 D:/PHYTEC OJT/Software/STM32CubeIDE_1.16.0/STM32CubeIDE/plugins/com.st.stm32cube.ide.mcu.externaltools.gnu-tools-for-stm32.12.3.rel1.win32_1.0.200.202406191623/tools/bin/../lib/gcc/arm-none-eabi/12.3.1/../../../../arm-none-eabi/lib/thumb/v7e-m+fp/hard\libc_nano.a(libc_a-nano-svfprintf.o)
                0x08007b64                __ssputs_r
 *fill*         0x08007c1a        0x2 
 .text._svfprintf_r
                0x08007c1c      0x1f8 D:/PHYTEC OJT/Software/STM32CubeIDE_1.16.0/STM32CubeIDE/plugins/com.st.stm32cube.ide.mcu.externaltools.gnu-tools-for-stm32.12.3.rel1.win32_1.0.200.202406191623/tools/bin/../lib/gcc/arm-none-eabi/12.3.1/../../../../arm-none-eabi/lib/thumb/v7e-m+fp/hard\libc_nano.a(libc_a-nano-svfprintf.o)
                0x08007c1c                _svfiprintf_r
                0x08007c1c                _svfprintf_r
 .text._sungetc_r
                0x08007e14       0x76 D:/PHYTEC OJT/Software/STM32CubeIDE_1.16.0/STM32CubeIDE/plugins/com.st.stm32cube.ide.mcu.externaltools.gnu-tools-for-stm32.12.3.rel1.win32_1.0.200.202406191623/tools/bin/../lib/gcc/arm-none-eabi/12.3.1/../../../../arm-none-eabi/lib/thumb/v7e-m+fp/hard\libc_nano.a(libc_a-nano-svfscanf.o)
                0x08007e14                _sungetc_r
 .text.__ssrefill_r
                0x08007e8a       0x3a D:/PHYTEC OJT/Software/STM32CubeIDE_1.16.0/STM32CubeIDE/plugins/com.st.stm32cube.ide.mcu.externaltools.gnu-tools-for-stm32.12.3.rel1.win32_1.0.200.202406191623/tools/bin/../lib/gcc/arm-none-eabi/12.3.1/../../../../arm-none-eabi/lib/thumb/v7e-m+fp/hard\libc_nano.a(libc_a-nano-svfscanf.o)
                0x08007e8a                __ssrefill_r
 .text.__ssvfscanf_r
                0x08007ec4      0x2e8 D:/PHYTEC OJT/Software/STM32CubeIDE_1.16.0/STM32CubeIDE/plugins/com.st.stm32cube.ide.mcu.externaltools.gnu-tools-for-stm32.12.3.rel1.win32_1.0.200.202406191623/tools/bin/../lib/gcc/arm-none-eabi/12.3.1/../../../../arm-none-eabi/lib/thumb/v7e-m+fp/hard\libc_nano.a(libc_a-nano-svfscanf.o)
                0x08007ec4                __ssvfiscanf_r
                0x08007ec4                __ssvfscanf_r
 .text.__sfputc_r
                0x080081ac       0x2e D:/PHYTEC OJT/Software/STM32CubeIDE_1.16.0/STM32CubeIDE/plugins/com.st.stm32cube.ide.mcu.externaltools.gnu-tools-for-stm32.12.3.rel1.win32_1.0.200.202406191623/tools/bin/../lib/gcc/arm-none-eabi/12.3.1/../../../../arm-none-eabi/lib/thumb/v7e-m+fp/hard\libc_nano.a(libc_a-nano-vfprintf.o)
 .text.__sfputs_r
                0x080081da       0x24 D:/PHYTEC OJT/Software/STM32CubeIDE_1.16.0/STM32CubeIDE/plugins/com.st.stm32cube.ide.mcu.externaltools.gnu-tools-for-stm32.12.3.rel1.win32_1.0.200.202406191623/tools/bin/../lib/gcc/arm-none-eabi/12.3.1/../../../../arm-none-eabi/lib/thumb/v7e-m+fp/hard\libc_nano.a(libc_a-nano-vfprintf.o)
                0x080081da                __sfputs_r
 *fill*         0x080081fe        0x2 
 .text._vfprintf_r
                0x08008200      0x230 D:/PHYTEC OJT/Software/STM32CubeIDE_1.16.0/STM32CubeIDE/plugins/com.st.stm32cube.ide.mcu.externaltools.gnu-tools-for-stm32.12.3.rel1.win32_1.0.200.202406191623/tools/bin/../lib/gcc/arm-none-eabi/12.3.1/../../../../arm-none-eabi/lib/thumb/v7e-m+fp/hard\libc_nano.a(libc_a-nano-vfprintf.o)
                0x08008200                _vfprintf_r
                0x08008200                _vfiprintf_r
 .text._printf_common
                0x08008430       0xda D:/PHYTEC OJT/Software/STM32CubeIDE_1.16.0/STM32CubeIDE/plugins/com.st.stm32cube.ide.mcu.externaltools.gnu-tools-for-stm32.12.3.rel1.win32_1.0.200.202406191623/tools/bin/../lib/gcc/arm-none-eabi/12.3.1/../../../../arm-none-eabi/lib/thumb/v7e-m+fp/hard\libc_nano.a(libc_a-nano-vfprintf_i.o)
                0x08008430                _printf_common
 *fill*         0x0800850a        0x2 
 .text._printf_i
                0x0800850c      0x240 D:/PHYTEC OJT/Software/STM32CubeIDE_1.16.0/STM32CubeIDE/plugins/com.st.stm32cube.ide.mcu.externaltools.gnu-tools-for-stm32.12.3.rel1.win32_1.0.200.202406191623/tools/bin/../lib/gcc/arm-none-eabi/12.3.1/../../../../arm-none-eabi/lib/thumb/v7e-m+fp/hard\libc_nano.a(libc_a-nano-vfprintf_i.o)
                0x0800850c                _printf_i
 .text._scanf_chars
                0x0800874c       0xb4 D:/PHYTEC OJT/Software/STM32CubeIDE_1.16.0/STM32CubeIDE/plugins/com.st.stm32cube.ide.mcu.externaltools.gnu-tools-for-stm32.12.3.rel1.win32_1.0.200.202406191623/tools/bin/../lib/gcc/arm-none-eabi/12.3.1/../../../../arm-none-eabi/lib/thumb/v7e-m+fp/hard\libc_nano.a(libc_a-nano-vfscanf_i.o)
                0x0800874c                _scanf_chars
 .text._scanf_i
                0x08008800      0x1e8 D:/PHYTEC OJT/Software/STM32CubeIDE_1.16.0/STM32CubeIDE/plugins/com.st.stm32cube.ide.mcu.externaltools.gnu-tools-for-stm32.12.3.rel1.win32_1.0.200.202406191623/tools/bin/../lib/gcc/arm-none-eabi/12.3.1/../../../../arm-none-eabi/lib/thumb/v7e-m+fp/hard\libc_nano.a(libc_a-nano-vfscanf_i.o)
                0x08008800                _scanf_i
 .text.__sflush_r
                0x080089e8      0x108 D:/PHYTEC OJT/Software/STM32CubeIDE_1.16.0/STM32CubeIDE/plugins/com.st.stm32cube.ide.mcu.externaltools.gnu-tools-for-stm32.12.3.rel1.win32_1.0.200.202406191623/tools/bin/../lib/gcc/arm-none-eabi/12.3.1/../../../../arm-none-eabi/lib/thumb/v7e-m+fp/hard\libc_nano.a(libc_a-fflush.o)
                0x080089e8                __sflush_r
 .text._fflush_r
                0x08008af0       0x50 D:/PHYTEC OJT/Software/STM32CubeIDE_1.16.0/STM32CubeIDE/plugins/com.st.stm32cube.ide.mcu.externaltools.gnu-tools-for-stm32.12.3.rel1.win32_1.0.200.202406191623/tools/bin/../lib/gcc/arm-none-eabi/12.3.1/../../../../arm-none-eabi/lib/thumb/v7e-m+fp/hard\libc_nano.a(libc_a-fflush.o)
                0x08008af0                _fflush_r
 .text.__swhatbuf_r
                0x08008b40       0x4c D:/PHYTEC OJT/Software/STM32CubeIDE_1.16.0/STM32CubeIDE/plugins/com.st.stm32cube.ide.mcu.externaltools.gnu-tools-for-stm32.12.3.rel1.win32_1.0.200.202406191623/tools/bin/../lib/gcc/arm-none-eabi/12.3.1/../../../../arm-none-eabi/lib/thumb/v7e-m+fp/hard\libc_nano.a(libc_a-makebuf.o)
                0x08008b40                __swhatbuf_r
 .text.__smakebuf_r
                0x08008b8c       0x78 D:/PHYTEC OJT/Software/STM32CubeIDE_1.16.0/STM32CubeIDE/plugins/com.st.stm32cube.ide.mcu.externaltools.gnu-tools-for-stm32.12.3.rel1.win32_1.0.200.202406191623/tools/bin/../lib/gcc/arm-none-eabi/12.3.1/../../../../arm-none-eabi/lib/thumb/v7e-m+fp/hard\libc_nano.a(libc_a-makebuf.o)
                0x08008b8c                __smakebuf_r
 .text.__sccl   0x08008c04       0x72 D:/PHYTEC OJT/Software/STM32CubeIDE_1.16.0/STM32CubeIDE/plugins/com.st.stm32cube.ide.mcu.externaltools.gnu-tools-for-stm32.12.3.rel1.win32_1.0.200.202406191623/tools/bin/../lib/gcc/arm-none-eabi/12.3.1/../../../../arm-none-eabi/lib/thumb/v7e-m+fp/hard\libc_nano.a(libc_a-sccl.o)
                0x08008c04                __sccl
 .text.__submore
                0x08008c76       0x74 D:/PHYTEC OJT/Software/STM32CubeIDE_1.16.0/STM32CubeIDE/plugins/com.st.stm32cube.ide.mcu.externaltools.gnu-tools-for-stm32.12.3.rel1.win32_1.0.200.202406191623/tools/bin/../lib/gcc/arm-none-eabi/12.3.1/../../../../arm-none-eabi/lib/thumb/v7e-m+fp/hard\libc_nano.a(libc_a-ungetc.o)
                0x08008c76                __submore
 .text.memmove  0x08008cea       0x34 D:/PHYTEC OJT/Software/STM32CubeIDE_1.16.0/STM32CubeIDE/plugins/com.st.stm32cube.ide.mcu.externaltools.gnu-tools-for-stm32.12.3.rel1.win32_1.0.200.202406191623/tools/bin/../lib/gcc/arm-none-eabi/12.3.1/../../../../arm-none-eabi/lib/thumb/v7e-m+fp/hard\libc_nano.a(libc_a-memmove.o)
                0x08008cea                memmove
 *fill*         0x08008d1e        0x2 
 .text._fstat_r
                0x08008d20       0x24 D:/PHYTEC OJT/Software/STM32CubeIDE_1.16.0/STM32CubeIDE/plugins/com.st.stm32cube.ide.mcu.externaltools.gnu-tools-for-stm32.12.3.rel1.win32_1.0.200.202406191623/tools/bin/../lib/gcc/arm-none-eabi/12.3.1/../../../../arm-none-eabi/lib/thumb/v7e-m+fp/hard\libc_nano.a(libc_a-fstatr.o)
                0x08008d20                _fstat_r
 .text._isatty_r
                0x08008d44       0x20 D:/PHYTEC OJT/Software/STM32CubeIDE_1.16.0/STM32CubeIDE/plugins/com.st.stm32cube.ide.mcu.externaltools.gnu-tools-for-stm32.12.3.rel1.win32_1.0.200.202406191623/tools/bin/../lib/gcc/arm-none-eabi/12.3.1/../../../../arm-none-eabi/lib/thumb/v7e-m+fp/hard\libc_nano.a(libc_a-isattyr.o)
                0x08008d44                _isatty_r
 .text._sbrk_r  0x08008d64       0x20 D:/PHYTEC OJT/Software/STM32CubeIDE_1.16.0/STM32CubeIDE/plugins/com.st.stm32cube.ide.mcu.externaltools.gnu-tools-for-stm32.12.3.rel1.win32_1.0.200.202406191623/tools/bin/../lib/gcc/arm-none-eabi/12.3.1/../../../../arm-none-eabi/lib/thumb/v7e-m+fp/hard\libc_nano.a(libc_a-sbrkr.o)
                0x08008d64                _sbrk_r
 .text._realloc_r
                0x08008d84       0x5c D:/PHYTEC OJT/Software/STM32CubeIDE_1.16.0/STM32CubeIDE/plugins/com.st.stm32cube.ide.mcu.externaltools.gnu-tools-for-stm32.12.3.rel1.win32_1.0.200.202406191623/tools/bin/../lib/gcc/arm-none-eabi/12.3.1/../../../../arm-none-eabi/lib/thumb/v7e-m+fp/hard\libc_nano.a(libc_a-reallocr.o)
                0x08008d84                _realloc_r
 .text._strtoul_l.constprop.0
                0x08008de0       0xdc D:/PHYTEC OJT/Software/STM32CubeIDE_1.16.0/STM32CubeIDE/plugins/com.st.stm32cube.ide.mcu.externaltools.gnu-tools-for-stm32.12.3.rel1.win32_1.0.200.202406191623/tools/bin/../lib/gcc/arm-none-eabi/12.3.1/../../../../arm-none-eabi/lib/thumb/v7e-m+fp/hard\libc_nano.a(libc_a-strtoul.o)
 .text._strtoul_r
                0x08008ebc        0x4 D:/PHYTEC OJT/Software/STM32CubeIDE_1.16.0/STM32CubeIDE/plugins/com.st.stm32cube.ide.mcu.externaltools.gnu-tools-for-stm32.12.3.rel1.win32_1.0.200.202406191623/tools/bin/../lib/gcc/arm-none-eabi/12.3.1/../../../../arm-none-eabi/lib/thumb/v7e-m+fp/hard\libc_nano.a(libc_a-strtoul.o)
                0x08008ebc                _strtoul_r
 .text._malloc_usable_size_r
                0x08008ec0       0x10 D:/PHYTEC OJT/Software/STM32CubeIDE_1.16.0/STM32CubeIDE/plugins/com.st.stm32cube.ide.mcu.externaltools.gnu-tools-for-stm32.12.3.rel1.win32_1.0.200.202406191623/tools/bin/../lib/gcc/arm-none-eabi/12.3.1/../../../../arm-none-eabi/lib/thumb/v7e-m+fp/hard\libc_nano.a(libc_a-msizer.o)
                0x08008ec0                _malloc_usable_size_r
 *(.glue_7)
 .glue_7        0x08008ed0        0x0 linker stubs
 *(.glue_7t)
 .glue_7t       0x08008ed0        0x0 linker stubs
 *(.eh_frame)
 .eh_frame      0x08008ed0        0x0 D:/PHYTEC OJT/Software/STM32CubeIDE_1.16.0/STM32CubeIDE/plugins/com.st.stm32cube.ide.mcu.externaltools.gnu-tools-for-stm32.12.3.rel1.win32_1.0.200.202406191623/tools/bin/../lib/gcc/arm-none-eabi/12.3.1/thumb/v7e-m+fp/hard/crtbegin.o
 *(.init)
 .init          0x08008ed0        0x4 D:/PHYTEC OJT/Software/STM32CubeIDE_1.16.0/STM32CubeIDE/plugins/com.st.stm32cube.ide.mcu.externaltools.gnu-tools-for-stm32.12.3.rel1.win32_1.0.200.202406191623/tools/bin/../lib/gcc/arm-none-eabi/12.3.1/thumb/v7e-m+fp/hard/crti.o
                0x08008ed0                _init
 .init          0x08008ed4        0x8 D:/PHYTEC OJT/Software/STM32CubeIDE_1.16.0/STM32CubeIDE/plugins/com.st.stm32cube.ide.mcu.externaltools.gnu-tools-for-stm32.12.3.rel1.win32_1.0.200.202406191623/tools/bin/../lib/gcc/arm-none-eabi/12.3.1/thumb/v7e-m+fp/hard/crtn.o
 *(.fini)
 .fini          0x08008edc        0x4 D:/PHYTEC OJT/Software/STM32CubeIDE_1.16.0/STM32CubeIDE/plugins/com.st.stm32cube.ide.mcu.externaltools.gnu-tools-for-stm32.12.3.rel1.win32_1.0.200.202406191623/tools/bin/../lib/gcc/arm-none-eabi/12.3.1/thumb/v7e-m+fp/hard/crti.o
                0x08008edc                _fini
 .fini          0x08008ee0        0x8 D:/PHYTEC OJT/Software/STM32CubeIDE_1.16.0/STM32CubeIDE/plugins/com.st.stm32cube.ide.mcu.externaltools.gnu-tools-for-stm32.12.3.rel1.win32_1.0.200.202406191623/tools/bin/../lib/gcc/arm-none-eabi/12.3.1/thumb/v7e-m+fp/hard/crtn.o
                0x08008ee8                        . = ALIGN (0x4)
                0x08008ee8                        _etext = .

.vfp11_veneer   0x08008ee8        0x0
 .vfp11_veneer  0x08008ee8        0x0 linker stubs

.v4_bx          0x08008ee8        0x0
 .v4_bx         0x08008ee8        0x0 linker stubs

.iplt           0x08008ee8        0x0
 .iplt          0x08008ee8        0x0 D:/PHYTEC OJT/Software/STM32CubeIDE_1.16.0/STM32CubeIDE/plugins/com.st.stm32cube.ide.mcu.externaltools.gnu-tools-for-stm32.12.3.rel1.win32_1.0.200.202406191623/tools/bin/../lib/gcc/arm-none-eabi/12.3.1/thumb/v7e-m+fp/hard/crtbegin.o

.rodata         0x08008ee8     0x3324
                0x08008ee8                        . = ALIGN (0x4)
 *(.rodata)
 .rodata        0x08008ee8       0xc6 ./Core/Src/display.o
 *fill*         0x08008fae        0x2 
 .rodata        0x08008fb0      0x386 ./Core/Src/main.o
 *fill*         0x08009336        0x2 
 .rodata        0x08009338      0x526 ./Core/Src/we-10.o
 *fill*         0x0800985e        0x2 
 .rodata        0x08009860        0xc D:/PHYTEC OJT/Software/STM32CubeIDE_1.16.0/STM32CubeIDE/plugins/com.st.stm32cube.ide.mcu.externaltools.gnu-tools-for-stm32.12.3.rel1.win32_1.0.200.202406191623/tools/bin/../lib/gcc/arm-none-eabi/12.3.1/../../../../arm-none-eabi/lib/thumb/v7e-m+fp/hard\libc_nano.a(libc_a-nano-vfscanf_i.o)
 *(.rodata*)
 .rodata.Font7x10
                0x0800986c      0x76c ./Core/Src/ssd1306_fonts.o
 .rodata.Font11x18
                0x08009fd8      0xd5c ./Core/Src/ssd1306_fonts.o
 .rodata.Font16x26
                0x0800ad34     0x134c ./Core/Src/ssd1306_fonts.o
 .rodata.Font_7x10
                0x0800c080        0xc ./Core/Src/ssd1306_fonts.o
                0x0800c080                Font_7x10
 .rodata.Font_11x18
                0x0800c08c        0xc ./Core/Src/ssd1306_fonts.o
                0x0800c08c                Font_11x18
 .rodata.Font_16x26
                0x0800c098        0xc ./Core/Src/ssd1306_fonts.o
                0x0800c098                Font_16x26
 .rodata.AHBPrescTable
                0x0800c0a4       0x10 ./Core/Src/system_stm32f4xx.o
                0x0800c0a4                AHBPrescTable
 .rodata.APBPrescTable
                0x0800c0b4        0x8 ./Core/Src/system_stm32f4xx.o
                0x0800c0b4                APBPrescTable
 .rodata._ctype_
                0x0800c0bc      0x101 D:/PHYTEC OJT/Software/STM32CubeIDE_1.16.0/STM32CubeIDE/plugins/com.st.stm32cube.ide.mcu.externaltools.gnu-tools-for-stm32.12.3.rel1.win32_1.0.200.202406191623/tools/bin/../lib/gcc/arm-none-eabi/12.3.1/../../../../arm-none-eabi/lib/thumb/v7e-m+fp/hard\libc_nano.a(libc_a-ctype_.o)
                0x0800c0bc                _ctype_
 .rodata._svfprintf_r.str1.1
                0x0800c1bd       0x11 D:/PHYTEC OJT/Software/STM32CubeIDE_1.16.0/STM32CubeIDE/plugins/com.st.stm32cube.ide.mcu.externaltools.gnu-tools-for-stm32.12.3.rel1.win32_1.0.200.202406191623/tools/bin/../lib/gcc/arm-none-eabi/12.3.1/../../../../arm-none-eabi/lib/thumb/v7e-m+fp/hard\libc_nano.a(libc_a-nano-svfprintf.o)
 .rodata.__ssvfscanf_r.str1.1
                0x0800c1ce        0x4 D:/PHYTEC OJT/Software/STM32CubeIDE_1.16.0/STM32CubeIDE/plugins/com.st.stm32cube.ide.mcu.externaltools.gnu-tools-for-stm32.12.3.rel1.win32_1.0.200.202406191623/tools/bin/../lib/gcc/arm-none-eabi/12.3.1/../../../../arm-none-eabi/lib/thumb/v7e-m+fp/hard\libc_nano.a(libc_a-nano-svfscanf.o)
 .rodata._vfprintf_r.str1.1
                0x0800c1ce       0x11 D:/PHYTEC OJT/Software/STM32CubeIDE_1.16.0/STM32CubeIDE/plugins/com.st.stm32cube.ide.mcu.externaltools.gnu-tools-for-stm32.12.3.rel1.win32_1.0.200.202406191623/tools/bin/../lib/gcc/arm-none-eabi/12.3.1/../../../../arm-none-eabi/lib/thumb/v7e-m+fp/hard\libc_nano.a(libc_a-nano-vfprintf.o)
 .rodata._printf_i.str1.1
                0x0800c1ce       0x22 D:/PHYTEC OJT/Software/STM32CubeIDE_1.16.0/STM32CubeIDE/plugins/com.st.stm32cube.ide.mcu.externaltools.gnu-tools-for-stm32.12.3.rel1.win32_1.0.200.202406191623/tools/bin/../lib/gcc/arm-none-eabi/12.3.1/../../../../arm-none-eabi/lib/thumb/v7e-m+fp/hard\libc_nano.a(libc_a-nano-vfprintf_i.o)
 .rodata._scanf_i.str1.1
                0x0800c1f0       0x12 D:/PHYTEC OJT/Software/STM32CubeIDE_1.16.0/STM32CubeIDE/plugins/com.st.stm32cube.ide.mcu.externaltools.gnu-tools-for-stm32.12.3.rel1.win32_1.0.200.202406191623/tools/bin/../lib/gcc/arm-none-eabi/12.3.1/../../../../arm-none-eabi/lib/thumb/v7e-m+fp/hard\libc_nano.a(libc_a-nano-vfscanf_i.o)
 .rodata.str1.1
                0x0800c202        0x9 D:/PHYTEC OJT/Software/STM32CubeIDE_1.16.0/STM32CubeIDE/plugins/com.st.stm32cube.ide.mcu.externaltools.gnu-tools-for-stm32.12.3.rel1.win32_1.0.200.202406191623/tools/bin/../lib/gcc/arm-none-eabi/12.3.1/../../../../arm-none-eabi/lib/thumb/v7e-m+fp/hard\libc_nano.a(libc_a-nano-vfscanf_i.o)
                0x0800c20c                        . = ALIGN (0x4)
 *fill*         0x0800c20b        0x1 

.ARM.extab      0x0800c20c        0x0
                0x0800c20c                        . = ALIGN (0x4)
 *(.ARM.extab* .gnu.linkonce.armextab.*)
                0x0800c20c                        . = ALIGN (0x4)

.ARM            0x0800c20c        0x8
                0x0800c20c                        . = ALIGN (0x4)
                0x0800c20c                        __exidx_start = .
 *(.ARM.exidx*)
 .ARM.exidx     0x0800c20c        0x8 D:/PHYTEC OJT/Software/STM32CubeIDE_1.16.0/STM32CubeIDE/plugins/com.st.stm32cube.ide.mcu.externaltools.gnu-tools-for-stm32.12.3.rel1.win32_1.0.200.202406191623/tools/bin/../lib/gcc/arm-none-eabi/12.3.1/../../../../arm-none-eabi/lib/thumb/v7e-m+fp/hard\libc_nano.a(libc_a-strcmp.o)
 .ARM.exidx     0x0800c214        0x0 D:/PHYTEC OJT/Software/STM32CubeIDE_1.16.0/STM32CubeIDE/plugins/com.st.stm32cube.ide.mcu.externaltools.gnu-tools-for-stm32.12.3.rel1.win32_1.0.200.202406191623/tools/bin/../lib/gcc/arm-none-eabi/12.3.1/../../../../arm-none-eabi/lib/thumb/v7e-m+fp/hard\libc_nano.a(libc_a-strlen.o)
                                  0x8 (size before relaxing)
 .ARM.exidx     0x0800c214        0x0 D:/PHYTEC OJT/Software/STM32CubeIDE_1.16.0/STM32CubeIDE/plugins/com.st.stm32cube.ide.mcu.externaltools.gnu-tools-for-stm32.12.3.rel1.win32_1.0.200.202406191623/tools/bin/../lib/gcc/arm-none-eabi/12.3.1/../../../../arm-none-eabi/lib/thumb/v7e-m+fp/hard\libc_nano.a(libc_a-memchr.o)
                                  0x8 (size before relaxing)
 .ARM.exidx     0x0800c214        0x0 D:/PHYTEC OJT/Software/STM32CubeIDE_1.16.0/STM32CubeIDE/plugins/com.st.stm32cube.ide.mcu.externaltools.gnu-tools-for-stm32.12.3.rel1.win32_1.0.200.202406191623/tools/bin/../lib/gcc/arm-none-eabi/12.3.1/thumb/v7e-m+fp/hard\libgcc.a(_udivmoddi4.o)
                                  0x8 (size before relaxing)
                0x0800c214                        __exidx_end = .
                0x0800c214                        . = ALIGN (0x4)

.preinit_array  0x0800c214        0x0
                0x0800c214                        . = ALIGN (0x4)
                0x0800c214                        PROVIDE (__preinit_array_start = .)
 *(.preinit_array*)
                0x0800c214                        PROVIDE (__preinit_array_end = .)
                0x0800c214                        . = ALIGN (0x4)

.init_array     0x0800c214        0x4
                0x0800c214                        . = ALIGN (0x4)
                0x0800c214                        PROVIDE (__init_array_start = .)
 *(SORT_BY_NAME(.init_array.*))
 *(.init_array*)
 .init_array    0x0800c214        0x4 D:/PHYTEC OJT/Software/STM32CubeIDE_1.16.0/STM32CubeIDE/plugins/com.st.stm32cube.ide.mcu.externaltools.gnu-tools-for-stm32.12.3.rel1.win32_1.0.200.202406191623/tools/bin/../lib/gcc/arm-none-eabi/12.3.1/thumb/v7e-m+fp/hard/crtbegin.o
                0x0800c218                        PROVIDE (__init_array_end = .)
                0x0800c218                        . = ALIGN (0x4)

.fini_array     0x0800c218        0x4
                0x0800c218                        . = ALIGN (0x4)
                [!provide]                        PROVIDE (__fini_array_start = .)
 *(SORT_BY_NAME(.fini_array.*))
 *(.fini_array*)
 .fini_array    0x0800c218        0x4 D:/PHYTEC OJT/Software/STM32CubeIDE_1.16.0/STM32CubeIDE/plugins/com.st.stm32cube.ide.mcu.externaltools.gnu-tools-for-stm32.12.3.rel1.win32_1.0.200.202406191623/tools/bin/../lib/gcc/arm-none-eabi/12.3.1/thumb/v7e-m+fp/hard/crtbegin.o
                [!provide]                        PROVIDE (__fini_array_end = .)
                0x0800c21c                        . = ALIGN (0x4)
                0x0800c21c                        _sidata = LOADADDR (.data)

.rel.dyn        0x0800c21c        0x0
 .rel.iplt      0x0800c21c        0x0 D:/PHYTEC OJT/Software/STM32CubeIDE_1.16.0/STM32CubeIDE/plugins/com.st.stm32cube.ide.mcu.externaltools.gnu-tools-for-stm32.12.3.rel1.win32_1.0.200.202406191623/tools/bin/../lib/gcc/arm-none-eabi/12.3.1/thumb/v7e-m+fp/hard/crtbegin.o

.data           0x20000000       0x6c load address 0x0800c21c
                0x20000000                        . = ALIGN (0x4)
                0x20000000                        _sdata = .
 *(.data)
 *(.data*)
 .data.totalSlots
                0x20000000        0x1 ./Core/Src/main.o
                0x20000000                totalSlots
 .data.availableSlots
                0x20000001        0x1 ./Core/Src/main.o
                0x20000001                availableSlots
 .data.previousAvailableSlots
                0x20000002        0x1 ./Core/Src/main.o
                0x20000002                previousAvailableSlots
 *fill*         0x20000003        0x1 
 .data.SystemCoreClock
                0x20000004        0x4 ./Core/Src/system_stm32f4xx.o
                0x20000004                SystemCoreClock
 .data.uwTickPrio
                0x20000008        0x4 ./Drivers/STM32F4xx_HAL_Driver/Src/stm32f4xx_hal.o
                0x20000008                uwTickPrio
 .data.uwTickFreq
                0x2000000c        0x1 ./Drivers/STM32F4xx_HAL_Driver/Src/stm32f4xx_hal.o
                0x2000000c                uwTickFreq
 *fill*         0x2000000d        0x3 
 .data.__sglue  0x20000010        0xc D:/PHYTEC OJT/Software/STM32CubeIDE_1.16.0/STM32CubeIDE/plugins/com.st.stm32cube.ide.mcu.externaltools.gnu-tools-for-stm32.12.3.rel1.win32_1.0.200.202406191623/tools/bin/../lib/gcc/arm-none-eabi/12.3.1/../../../../arm-none-eabi/lib/thumb/v7e-m+fp/hard\libc_nano.a(libc_a-findfp.o)
                0x20000010                __sglue
 .data._impure_ptr
                0x2000001c        0x4 D:/PHYTEC OJT/Software/STM32CubeIDE_1.16.0/STM32CubeIDE/plugins/com.st.stm32cube.ide.mcu.externaltools.gnu-tools-for-stm32.12.3.rel1.win32_1.0.200.202406191623/tools/bin/../lib/gcc/arm-none-eabi/12.3.1/../../../../arm-none-eabi/lib/thumb/v7e-m+fp/hard\libc_nano.a(libc_a-impure.o)
                0x2000001c                _impure_ptr
 .data._impure_data
                0x20000020       0x4c D:/PHYTEC OJT/Software/STM32CubeIDE_1.16.0/STM32CubeIDE/plugins/com.st.stm32cube.ide.mcu.externaltools.gnu-tools-for-stm32.12.3.rel1.win32_1.0.200.202406191623/tools/bin/../lib/gcc/arm-none-eabi/12.3.1/../../../../arm-none-eabi/lib/thumb/v7e-m+fp/hard\libc_nano.a(libc_a-impure.o)
                0x20000020                _impure_data
 *(.RamFunc)
 *(.RamFunc*)
                0x2000006c                        . = ALIGN (0x4)
                0x2000006c                        _edata = .

.igot.plt       0x2000006c        0x0 load address 0x0800c288
 .igot.plt      0x2000006c        0x0 D:/PHYTEC OJT/Software/STM32CubeIDE_1.16.0/STM32CubeIDE/plugins/com.st.stm32cube.ide.mcu.externaltools.gnu-tools-for-stm32.12.3.rel1.win32_1.0.200.202406191623/tools/bin/../lib/gcc/arm-none-eabi/12.3.1/thumb/v7e-m+fp/hard/crtbegin.o
                0x2000006c                        . = ALIGN (0x4)

.bss            0x2000006c      0xf58 load address 0x0800c288
                0x2000006c                        _sbss = .
                0x2000006c                        __bss_start__ = _sbss
 *(.bss)
 .bss           0x2000006c       0x1c D:/PHYTEC OJT/Software/STM32CubeIDE_1.16.0/STM32CubeIDE/plugins/com.st.stm32cube.ide.mcu.externaltools.gnu-tools-for-stm32.12.3.rel1.win32_1.0.200.202406191623/tools/bin/../lib/gcc/arm-none-eabi/12.3.1/thumb/v7e-m+fp/hard/crtbegin.o
 *(.bss*)
 .bss.hi2c1     0x20000088       0x54 ./Core/Src/main.o
                0x20000088                hi2c1
 .bss.hspi2     0x200000dc       0x58 ./Core/Src/main.o
                0x200000dc                hspi2
 .bss.htim2     0x20000134       0x48 ./Core/Src/main.o
                0x20000134                htim2
 .bss.huart1    0x2000017c       0x48 ./Core/Src/main.o
                0x2000017c                huart1
 .bss.huart2    0x200001c4       0x48 ./Core/Src/main.o
                0x200001c4                huart2
 .bss.slot1     0x2000020c        0x1 ./Core/Src/main.o
                0x2000020c                slot1
 .bss.slot2     0x2000020d        0x1 ./Core/Src/main.o
                0x2000020d                slot2
 .bss.occupiedSlots
                0x2000020e        0x1 ./Core/Src/main.o
                0x2000020e                occupiedSlots
 *fill*         0x2000020f        0x1 
 .bss.rtc       0x20000210        0x8 ./Core/Src/main.o
                0x20000210                rtc
 .bss.TagType   0x20000218        0x2 ./Core/Src/main.o
                0x20000218                TagType
 *fill*         0x2000021a        0x2 
 .bss.UID       0x2000021c        0x5 ./Core/Src/main.o
                0x2000021c                UID
 .bss.status    0x20000221        0x1 ./Core/Src/main.o
                0x20000221                status
 *fill*         0x20000222        0x2 
 .bss.last_sensor_tick.0
                0x20000224        0x4 ./Core/Src/main.o
 .bss.SSD1306_Buffer
                0x20000228      0x400 ./Core/Src/ssd1306.o
 .bss.SSD1306   0x20000628        0x6 ./Core/Src/ssd1306.o
 *fill*         0x2000062e        0x2 
 .bss.__sbrk_heap_end
                0x20000630        0x4 ./Core/Src/sysmem.o
 .bss.current_user_name
                0x20000634       0x20 ./Core/Src/we-10.o
                0x20000634                current_user_name
 .bss.current_user_vehicle
                0x20000654       0x20 ./Core/Src/we-10.o
                0x20000654                current_user_vehicle
 .bss.current_user_wallet
                0x20000674        0x4 ./Core/Src/we-10.o
                0x20000674                current_user_wallet
 .bss.current_user_entry_time
                0x20000678       0x10 ./Core/Src/we-10.o
                0x20000678                current_user_entry_time
 .bss.current_user_status
                0x20000688       0x10 ./Core/Src/we-10.o
                0x20000688                current_user_status
 .bss.response.3
                0x20000698      0x5dc ./Core/Src/we-10.o
 .bss.response.2
                0x20000c74      0x200 ./Core/Src/we-10.o
 .bss.uwTick    0x20000e74        0x4 ./Drivers/STM32F4xx_HAL_Driver/Src/stm32f4xx_hal.o
                0x20000e74                uwTick
 .bss.__sf      0x20000e78      0x138 D:/PHYTEC OJT/Software/STM32CubeIDE_1.16.0/STM32CubeIDE/plugins/com.st.stm32cube.ide.mcu.externaltools.gnu-tools-for-stm32.12.3.rel1.win32_1.0.200.202406191623/tools/bin/../lib/gcc/arm-none-eabi/12.3.1/../../../../arm-none-eabi/lib/thumb/v7e-m+fp/hard\libc_nano.a(libc_a-findfp.o)
                0x20000e78                __sf
 .bss.__stdio_exit_handler
                0x20000fb0        0x4 D:/PHYTEC OJT/Software/STM32CubeIDE_1.16.0/STM32CubeIDE/plugins/com.st.stm32cube.ide.mcu.externaltools.gnu-tools-for-stm32.12.3.rel1.win32_1.0.200.202406191623/tools/bin/../lib/gcc/arm-none-eabi/12.3.1/../../../../arm-none-eabi/lib/thumb/v7e-m+fp/hard\libc_nano.a(libc_a-findfp.o)
                0x20000fb0                __stdio_exit_handler
 .bss.errno     0x20000fb4        0x4 D:/PHYTEC OJT/Software/STM32CubeIDE_1.16.0/STM32CubeIDE/plugins/com.st.stm32cube.ide.mcu.externaltools.gnu-tools-for-stm32.12.3.rel1.win32_1.0.200.202406191623/tools/bin/../lib/gcc/arm-none-eabi/12.3.1/../../../../arm-none-eabi/lib/thumb/v7e-m+fp/hard\libc_nano.a(libc_a-reent.o)
                0x20000fb4                errno
 .bss.__lock___malloc_recursive_mutex
                0x20000fb8        0x1 D:/PHYTEC OJT/Software/STM32CubeIDE_1.16.0/STM32CubeIDE/plugins/com.st.stm32cube.ide.mcu.externaltools.gnu-tools-for-stm32.12.3.rel1.win32_1.0.200.202406191623/tools/bin/../lib/gcc/arm-none-eabi/12.3.1/../../../../arm-none-eabi/lib/thumb/v7e-m+fp/hard\libc_nano.a(libc_a-lock.o)
                0x20000fb8                __lock___malloc_recursive_mutex
 .bss.__lock___sfp_recursive_mutex
                0x20000fb9        0x1 D:/PHYTEC OJT/Software/STM32CubeIDE_1.16.0/STM32CubeIDE/plugins/com.st.stm32cube.ide.mcu.externaltools.gnu-tools-for-stm32.12.3.rel1.win32_1.0.200.202406191623/tools/bin/../lib/gcc/arm-none-eabi/12.3.1/../../../../arm-none-eabi/lib/thumb/v7e-m+fp/hard\libc_nano.a(libc_a-lock.o)
                0x20000fb9                __lock___sfp_recursive_mutex
 *fill*         0x20000fba        0x2 
 .bss.__malloc_sbrk_start
                0x20000fbc        0x4 D:/PHYTEC OJT/Software/STM32CubeIDE_1.16.0/STM32CubeIDE/plugins/com.st.stm32cube.ide.mcu.externaltools.gnu-tools-for-stm32.12.3.rel1.win32_1.0.200.202406191623/tools/bin/../lib/gcc/arm-none-eabi/12.3.1/../../../../arm-none-eabi/lib/thumb/v7e-m+fp/hard\libc_nano.a(libc_a-mallocr.o)
                0x20000fbc                __malloc_sbrk_start
 .bss.__malloc_free_list
                0x20000fc0        0x4 D:/PHYTEC OJT/Software/STM32CubeIDE_1.16.0/STM32CubeIDE/plugins/com.st.stm32cube.ide.mcu.externaltools.gnu-tools-for-stm32.12.3.rel1.win32_1.0.200.202406191623/tools/bin/../lib/gcc/arm-none-eabi/12.3.1/../../../../arm-none-eabi/lib/thumb/v7e-m+fp/hard\libc_nano.a(libc_a-mallocr.o)
                0x20000fc0                __malloc_free_list
 *(COMMON)
                0x20000fc4                        . = ALIGN (0x4)
                0x20000fc4                        _ebss = .
                0x20000fc4                        __bss_end__ = _ebss

._user_heap_stack
                0x20000fc4      0x604 load address 0x0800c288
                0x20000fc8                        . = ALIGN (0x8)
 *fill*         0x20000fc4        0x4 
                [!provide]                        PROVIDE (end = .)
                0x20000fc8                        PROVIDE (_end = .)
                0x200011c8                        . = (. + _Min_Heap_Size)
 *fill*         0x20000fc8      0x200 
                0x200015c8                        . = (. + _Min_Stack_Size)
 *fill*         0x200011c8      0x400 
                0x200015c8                        . = ALIGN (0x8)

/DISCARD/
 libc.a(*)
 libm.a(*)
 libgcc.a(*)

.ARM.attributes
                0x00000000       0x30
 *(.ARM.attributes)
 .ARM.attributes
                0x00000000       0x22 D:/PHYTEC OJT/Software/STM32CubeIDE_1.16.0/STM32CubeIDE/plugins/com.st.stm32cube.ide.mcu.externaltools.gnu-tools-for-stm32.12.3.rel1.win32_1.0.200.202406191623/tools/bin/../lib/gcc/arm-none-eabi/12.3.1/thumb/v7e-m+fp/hard/crti.o
 .ARM.attributes
                0x00000022       0x34 D:/PHYTEC OJT/Software/STM32CubeIDE_1.16.0/STM32CubeIDE/plugins/com.st.stm32cube.ide.mcu.externaltools.gnu-tools-for-stm32.12.3.rel1.win32_1.0.200.202406191623/tools/bin/../lib/gcc/arm-none-eabi/12.3.1/thumb/v7e-m+fp/hard/crtbegin.o
 .ARM.attributes
                0x00000056       0x34 ./Core/Src/display.o
 .ARM.attributes
                0x0000008a       0x34 ./Core/Src/ds3231.o
 .ARM.attributes
                0x000000be       0x34 ./Core/Src/main.o
 .ARM.attributes
                0x000000f2       0x34 ./Core/Src/rc522.o
 .ARM.attributes
                0x00000126       0x34 ./Core/Src/servo.o
 .ARM.attributes
                0x0000015a       0x34 ./Core/Src/ssd1306.o
 .ARM.attributes
                0x0000018e       0x34 ./Core/Src/ssd1306_fonts.o
 .ARM.attributes
                0x000001c2       0x34 ./Core/Src/stm32f4xx_hal_msp.o
 .ARM.attributes
                0x000001f6       0x34 ./Core/Src/stm32f4xx_it.o
 .ARM.attributes
                0x0000022a       0x34 ./Core/Src/syscalls.o
 .ARM.attributes
                0x0000025e       0x34 ./Core/Src/sysmem.o
 .ARM.attributes
                0x00000292       0x34 ./Core/Src/system_stm32f4xx.o
 .ARM.attributes
                0x000002c6       0x34 ./Core/Src/we-10.o
 .ARM.attributes
                0x000002fa       0x21 ./Core/Startup/startup_stm32f446retx.o
 .ARM.attributes
                0x0000031b       0x34 ./Drivers/STM32F4xx_HAL_Driver/Src/stm32f4xx_hal.o
 .ARM.attributes
                0x0000034f       0x34 ./Drivers/STM32F4xx_HAL_Driver/Src/stm32f4xx_hal_cortex.o
 .ARM.attributes
                0x00000383       0x34 ./Drivers/STM32F4xx_HAL_Driver/Src/stm32f4xx_hal_gpio.o
 .ARM.attributes
                0x000003b7       0x34 ./Drivers/STM32F4xx_HAL_Driver/Src/stm32f4xx_hal_i2c.o
 .ARM.attributes
                0x000003eb       0x34 ./Drivers/STM32F4xx_HAL_Driver/Src/stm32f4xx_hal_rcc.o
 .ARM.attributes
                0x0000041f       0x34 ./Drivers/STM32F4xx_HAL_Driver/Src/stm32f4xx_hal_rcc_ex.o
 .ARM.attributes
                0x00000453       0x34 ./Drivers/STM32F4xx_HAL_Driver/Src/stm32f4xx_hal_spi.o
 .ARM.attributes
                0x00000487       0x34 ./Drivers/STM32F4xx_HAL_Driver/Src/stm32f4xx_hal_tim.o
 .ARM.attributes
                0x000004bb       0x34 ./Drivers/STM32F4xx_HAL_Driver/Src/stm32f4xx_hal_tim_ex.o
 .ARM.attributes
                0x000004ef       0x34 ./Drivers/STM32F4xx_HAL_Driver/Src/stm32f4xx_hal_uart.o
 .ARM.attributes
                0x00000523       0x34 D:/PHYTEC OJT/Software/STM32CubeIDE_1.16.0/STM32CubeIDE/plugins/com.st.stm32cube.ide.mcu.externaltools.gnu-tools-for-stm32.12.3.rel1.win32_1.0.200.202406191623/tools/bin/../lib/gcc/arm-none-eabi/12.3.1/../../../../arm-none-eabi/lib/thumb/v7e-m+fp/hard\libc_nano.a(libc_a-atoi.o)
 .ARM.attributes
                0x00000557       0x34 D:/PHYTEC OJT/Software/STM32CubeIDE_1.16.0/STM32CubeIDE/plugins/com.st.stm32cube.ide.mcu.externaltools.gnu-tools-for-stm32.12.3.rel1.win32_1.0.200.202406191623/tools/bin/../lib/gcc/arm-none-eabi/12.3.1/../../../../arm-none-eabi/lib/thumb/v7e-m+fp/hard\libc_nano.a(libc_a-strtol.o)
 .ARM.attributes
                0x0000058b       0x34 D:/PHYTEC OJT/Software/STM32CubeIDE_1.16.0/STM32CubeIDE/plugins/com.st.stm32cube.ide.mcu.externaltools.gnu-tools-for-stm32.12.3.rel1.win32_1.0.200.202406191623/tools/bin/../lib/gcc/arm-none-eabi/12.3.1/../../../../arm-none-eabi/lib/thumb/v7e-m+fp/hard\libc_nano.a(libc_a-ctype_.o)
 .ARM.attributes
                0x000005bf       0x34 D:/PHYTEC OJT/Software/STM32CubeIDE_1.16.0/STM32CubeIDE/plugins/com.st.stm32cube.ide.mcu.externaltools.gnu-tools-for-stm32.12.3.rel1.win32_1.0.200.202406191623/tools/bin/../lib/gcc/arm-none-eabi/12.3.1/../../../../arm-none-eabi/lib/thumb/v7e-m+fp/hard\libc_nano.a(libc_a-findfp.o)
 .ARM.attributes
                0x000005f3       0x34 D:/PHYTEC OJT/Software/STM32CubeIDE_1.16.0/STM32CubeIDE/plugins/com.st.stm32cube.ide.mcu.externaltools.gnu-tools-for-stm32.12.3.rel1.win32_1.0.200.202406191623/tools/bin/../lib/gcc/arm-none-eabi/12.3.1/../../../../arm-none-eabi/lib/thumb/v7e-m+fp/hard\libc_nano.a(libc_a-fwalk.o)
 .ARM.attributes
                0x00000627       0x34 D:/PHYTEC OJT/Software/STM32CubeIDE_1.16.0/STM32CubeIDE/plugins/com.st.stm32cube.ide.mcu.externaltools.gnu-tools-for-stm32.12.3.rel1.win32_1.0.200.202406191623/tools/bin/../lib/gcc/arm-none-eabi/12.3.1/../../../../arm-none-eabi/lib/thumb/v7e-m+fp/hard\libc_nano.a(libc_a-printf.o)
 .ARM.attributes
                0x0000065b       0x34 D:/PHYTEC OJT/Software/STM32CubeIDE_1.16.0/STM32CubeIDE/plugins/com.st.stm32cube.ide.mcu.externaltools.gnu-tools-for-stm32.12.3.rel1.win32_1.0.200.202406191623/tools/bin/../lib/gcc/arm-none-eabi/12.3.1/../../../../arm-none-eabi/lib/thumb/v7e-m+fp/hard\libc_nano.a(libc_a-puts.o)
 .ARM.attributes
                0x0000068f       0x34 D:/PHYTEC OJT/Software/STM32CubeIDE_1.16.0/STM32CubeIDE/plugins/com.st.stm32cube.ide.mcu.externaltools.gnu-tools-for-stm32.12.3.rel1.win32_1.0.200.202406191623/tools/bin/../lib/gcc/arm-none-eabi/12.3.1/../../../../arm-none-eabi/lib/thumb/v7e-m+fp/hard\libc_nano.a(libc_a-snprintf.o)
 .ARM.attributes
                0x000006c3       0x34 D:/PHYTEC OJT/Software/STM32CubeIDE_1.16.0/STM32CubeIDE/plugins/com.st.stm32cube.ide.mcu.externaltools.gnu-tools-for-stm32.12.3.rel1.win32_1.0.200.202406191623/tools/bin/../lib/gcc/arm-none-eabi/12.3.1/../../../../arm-none-eabi/lib/thumb/v7e-m+fp/hard\libc_nano.a(libc_a-sprintf.o)
 .ARM.attributes
                0x000006f7       0x34 D:/PHYTEC OJT/Software/STM32CubeIDE_1.16.0/STM32CubeIDE/plugins/com.st.stm32cube.ide.mcu.externaltools.gnu-tools-for-stm32.12.3.rel1.win32_1.0.200.202406191623/tools/bin/../lib/gcc/arm-none-eabi/12.3.1/../../../../arm-none-eabi/lib/thumb/v7e-m+fp/hard\libc_nano.a(libc_a-sscanf.o)
 .ARM.attributes
                0x0000072b       0x34 D:/PHYTEC OJT/Software/STM32CubeIDE_1.16.0/STM32CubeIDE/plugins/com.st.stm32cube.ide.mcu.externaltools.gnu-tools-for-stm32.12.3.rel1.win32_1.0.200.202406191623/tools/bin/../lib/gcc/arm-none-eabi/12.3.1/../../../../arm-none-eabi/lib/thumb/v7e-m+fp/hard\libc_nano.a(libc_a-stdio.o)
 .ARM.attributes
                0x0000075f       0x34 D:/PHYTEC OJT/Software/STM32CubeIDE_1.16.0/STM32CubeIDE/plugins/com.st.stm32cube.ide.mcu.externaltools.gnu-tools-for-stm32.12.3.rel1.win32_1.0.200.202406191623/tools/bin/../lib/gcc/arm-none-eabi/12.3.1/../../../../arm-none-eabi/lib/thumb/v7e-m+fp/hard\libc_nano.a(libc_a-wbuf.o)
 .ARM.attributes
                0x00000793       0x34 D:/PHYTEC OJT/Software/STM32CubeIDE_1.16.0/STM32CubeIDE/plugins/com.st.stm32cube.ide.mcu.externaltools.gnu-tools-for-stm32.12.3.rel1.win32_1.0.200.202406191623/tools/bin/../lib/gcc/arm-none-eabi/12.3.1/../../../../arm-none-eabi/lib/thumb/v7e-m+fp/hard\libc_nano.a(libc_a-wsetup.o)
 .ARM.attributes
                0x000007c7       0x34 D:/PHYTEC OJT/Software/STM32CubeIDE_1.16.0/STM32CubeIDE/plugins/com.st.stm32cube.ide.mcu.externaltools.gnu-tools-for-stm32.12.3.rel1.win32_1.0.200.202406191623/tools/bin/../lib/gcc/arm-none-eabi/12.3.1/../../../../arm-none-eabi/lib/thumb/v7e-m+fp/hard\libc_nano.a(libc_a-memset.o)
 .ARM.attributes
                0x000007fb       0x34 D:/PHYTEC OJT/Software/STM32CubeIDE_1.16.0/STM32CubeIDE/plugins/com.st.stm32cube.ide.mcu.externaltools.gnu-tools-for-stm32.12.3.rel1.win32_1.0.200.202406191623/tools/bin/../lib/gcc/arm-none-eabi/12.3.1/../../../../arm-none-eabi/lib/thumb/v7e-m+fp/hard\libc_nano.a(libc_a-strchr.o)
 .ARM.attributes
                0x0000082f       0x34 D:/PHYTEC OJT/Software/STM32CubeIDE_1.16.0/STM32CubeIDE/plugins/com.st.stm32cube.ide.mcu.externaltools.gnu-tools-for-stm32.12.3.rel1.win32_1.0.200.202406191623/tools/bin/../lib/gcc/arm-none-eabi/12.3.1/../../../../arm-none-eabi/lib/thumb/v7e-m+fp/hard\libc_nano.a(libc_a-strncpy.o)
 .ARM.attributes
                0x00000863       0x34 D:/PHYTEC OJT/Software/STM32CubeIDE_1.16.0/STM32CubeIDE/plugins/com.st.stm32cube.ide.mcu.externaltools.gnu-tools-for-stm32.12.3.rel1.win32_1.0.200.202406191623/tools/bin/../lib/gcc/arm-none-eabi/12.3.1/../../../../arm-none-eabi/lib/thumb/v7e-m+fp/hard\libc_nano.a(libc_a-strstr.o)
 .ARM.attributes
                0x00000897       0x34 D:/PHYTEC OJT/Software/STM32CubeIDE_1.16.0/STM32CubeIDE/plugins/com.st.stm32cube.ide.mcu.externaltools.gnu-tools-for-stm32.12.3.rel1.win32_1.0.200.202406191623/tools/bin/../lib/gcc/arm-none-eabi/12.3.1/../../../../arm-none-eabi/lib/thumb/v7e-m+fp/hard\libc_nano.a(libc_a-closer.o)
 .ARM.attributes
                0x000008cb       0x34 D:/PHYTEC OJT/Software/STM32CubeIDE_1.16.0/STM32CubeIDE/plugins/com.st.stm32cube.ide.mcu.externaltools.gnu-tools-for-stm32.12.3.rel1.win32_1.0.200.202406191623/tools/bin/../lib/gcc/arm-none-eabi/12.3.1/../../../../arm-none-eabi/lib/thumb/v7e-m+fp/hard\libc_nano.a(libc_a-reent.o)
 .ARM.attributes
                0x000008ff       0x34 D:/PHYTEC OJT/Software/STM32CubeIDE_1.16.0/STM32CubeIDE/plugins/com.st.stm32cube.ide.mcu.externaltools.gnu-tools-for-stm32.12.3.rel1.win32_1.0.200.202406191623/tools/bin/../lib/gcc/arm-none-eabi/12.3.1/../../../../arm-none-eabi/lib/thumb/v7e-m+fp/hard\libc_nano.a(libc_a-impure.o)
 .ARM.attributes
                0x00000933       0x34 D:/PHYTEC OJT/Software/STM32CubeIDE_1.16.0/STM32CubeIDE/plugins/com.st.stm32cube.ide.mcu.externaltools.gnu-tools-for-stm32.12.3.rel1.win32_1.0.200.202406191623/tools/bin/../lib/gcc/arm-none-eabi/12.3.1/../../../../arm-none-eabi/lib/thumb/v7e-m+fp/hard\libc_nano.a(libc_a-lseekr.o)
 .ARM.attributes
                0x00000967       0x34 D:/PHYTEC OJT/Software/STM32CubeIDE_1.16.0/STM32CubeIDE/plugins/com.st.stm32cube.ide.mcu.externaltools.gnu-tools-for-stm32.12.3.rel1.win32_1.0.200.202406191623/tools/bin/../lib/gcc/arm-none-eabi/12.3.1/../../../../arm-none-eabi/lib/thumb/v7e-m+fp/hard\libc_nano.a(libc_a-readr.o)
 .ARM.attributes
                0x0000099b       0x34 D:/PHYTEC OJT/Software/STM32CubeIDE_1.16.0/STM32CubeIDE/plugins/com.st.stm32cube.ide.mcu.externaltools.gnu-tools-for-stm32.12.3.rel1.win32_1.0.200.202406191623/tools/bin/../lib/gcc/arm-none-eabi/12.3.1/../../../../arm-none-eabi/lib/thumb/v7e-m+fp/hard\libc_nano.a(libc_a-writer.o)
 .ARM.attributes