../Core/Src/main.c:45:5:_write	24	static
../Core/Src/main.c:56:10:CalculateParkingMinutesBetween	40	static
../Core/Src/main.c:78:10:CalculateParkingFee	16	static
../Core/Src/main.c:91:6:LowBalanceWarning	72	static
../Core/Src/main.c:115:6:UpdateParkingSlots	8	static
../Core/Src/main.c:139:5:main	120	static
../Core/Src/main.c:337:6:SystemClock_Config	88	static
../Core/Src/main.c:367:13:MX_I2C1_Init	8	static
../Core/Src/main.c:384:13:MX_SPI2_Init	8	static
../Core/Src/main.c:404:13:MX_TIM2_Init	48	static
../Core/Src/main.c:436:13:MX_USART1_UART_Init	8	static
../Core/Src/main.c:452:13:MX_USART2_UART_Init	8	static
../Core/Src/main.c:468:13:MX_GPIO_Init	48	static
../Core/Src/main.c:503:6:Error_Handler	4	static,ignoring_inline_asm
