../Core/Src/rc522.c:9:6:RC522_Select	8	static
../Core/Src/rc522.c:14:6:RC522_Unselect	8	static
../Core/Src/rc522.c:23:6:RC522_Reset	8	static
../Core/Src/rc522.c:36:6:RC522_WriteRegister	24	static
../Core/Src/rc522.c:54:9:RC522_ReadRegister	32	static
../Core/Src/rc522.c:75:6:RC522_SetBitMask	24	static
../Core/Src/rc522.c:88:6:RC522_ClearBitMask	24	static
../Core/Src/rc522.c:101:6:RC522_AntennaOn	16	static
../Core/Src/rc522.c:117:6:RC522_AntennaOff	8	static
../Core/Src/rc522.c:126:6:RC522_Init	8	static
../Core/Src/rc522.c:149:9:RC522_ToCard	40	static
../Core/Src/rc522.c:239:9:RC522_Request	32	static
../Core/Src/rc522.c:261:9:RC522_AntiColl	32	static
../Core/Src/rc522.c:294:6:RC522_CalculateCRC	40	static
../Core/Src/rc522.c:320:9:RC522_SelectTag	40	static
../Core/Src/rc522.c:350:6:RC522_Halt	24	static
../Core/Src/rc522.c:367:6:RC522_StopCrypto	8	static
../Core/Src/rc522.c:371:9:RC522_Auth	48	static
../Core/Src/rc522.c:405:9:RC522_Read	32	static
../Core/Src/rc522.c:427:9:RC522_Write	48	static
